Archive member included to satisfy reference by file (symbol)

/usr/local/bin/arm-gnu-toolchain/bin/../lib/gcc/arm-none-eabi/10.3.1/../../../../arm-none-eabi/lib/thumb/v7e-m+fp/hard/libc_nano.a(lib_a-errno.o)
                              /tmp/ccoNhb1r.o (__errno)
/usr/local/bin/arm-gnu-toolchain/bin/../lib/gcc/arm-none-eabi/10.3.1/../../../../arm-none-eabi/lib/thumb/v7e-m+fp/hard/libc_nano.a(lib_a-impure.o)
                              /usr/local/bin/arm-gnu-toolchain/bin/../lib/gcc/arm-none-eabi/10.3.1/../../../../arm-none-eabi/lib/thumb/v7e-m+fp/hard/libc_nano.a(lib_a-errno.o) (_impure_ptr)
/usr/local/bin/arm-gnu-toolchain/bin/../lib/gcc/arm-none-eabi/10.3.1/../../../../arm-none-eabi/lib/thumb/v7e-m+fp/hard/libc_nano.a(lib_a-init.o)
                              /tmp/cc6ZThmB.o (__libc_init_array)
/usr/local/bin/arm-gnu-toolchain/bin/../lib/gcc/arm-none-eabi/10.3.1/../../../../arm-none-eabi/lib/thumb/v7e-m+fp/hard/libc_nano.a(lib_a-malloc.o)
                              /tmp/ccmLvdfN.o (malloc)
/usr/local/bin/arm-gnu-toolchain/bin/../lib/gcc/arm-none-eabi/10.3.1/../../../../arm-none-eabi/lib/thumb/v7e-m+fp/hard/libc_nano.a(lib_a-memcpy-stub.o)
                              /tmp/ccmLvdfN.o (memcpy)
/usr/local/bin/arm-gnu-toolchain/bin/../lib/gcc/arm-none-eabi/10.3.1/../../../../arm-none-eabi/lib/thumb/v7e-m+fp/hard/libc_nano.a(lib_a-memset.o)
                              /tmp/ccb21mLY.o (memset)
/usr/local/bin/arm-gnu-toolchain/bin/../lib/gcc/arm-none-eabi/10.3.1/../../../../arm-none-eabi/lib/thumb/v7e-m+fp/hard/libc_nano.a(lib_a-nano-freer.o)
                              /usr/local/bin/arm-gnu-toolchain/bin/../lib/gcc/arm-none-eabi/10.3.1/../../../../arm-none-eabi/lib/thumb/v7e-m+fp/hard/libc_nano.a(lib_a-malloc.o) (_free_r)
/usr/local/bin/arm-gnu-toolchain/bin/../lib/gcc/arm-none-eabi/10.3.1/../../../../arm-none-eabi/lib/thumb/v7e-m+fp/hard/libc_nano.a(lib_a-nano-mallocr.o)
                              /usr/local/bin/arm-gnu-toolchain/bin/../lib/gcc/arm-none-eabi/10.3.1/../../../../arm-none-eabi/lib/thumb/v7e-m+fp/hard/libc_nano.a(lib_a-malloc.o) (_malloc_r)
/usr/local/bin/arm-gnu-toolchain/bin/../lib/gcc/arm-none-eabi/10.3.1/../../../../arm-none-eabi/lib/thumb/v7e-m+fp/hard/libc_nano.a(lib_a-printf.o)
                              /tmp/ccmLvdfN.o (printf)
/usr/local/bin/arm-gnu-toolchain/bin/../lib/gcc/arm-none-eabi/10.3.1/../../../../arm-none-eabi/lib/thumb/v7e-m+fp/hard/libc_nano.a(lib_a-puts.o)
                              /tmp/ccgz0Iz7.o (puts)
/usr/local/bin/arm-gnu-toolchain/bin/../lib/gcc/arm-none-eabi/10.3.1/../../../../arm-none-eabi/lib/thumb/v7e-m+fp/hard/libc_nano.a(lib_a-sbrkr.o)
                              /usr/local/bin/arm-gnu-toolchain/bin/../lib/gcc/arm-none-eabi/10.3.1/../../../../arm-none-eabi/lib/thumb/v7e-m+fp/hard/libc_nano.a(lib_a-nano-mallocr.o) (_sbrk_r)
/usr/local/bin/arm-gnu-toolchain/bin/../lib/gcc/arm-none-eabi/10.3.1/../../../../arm-none-eabi/lib/thumb/v7e-m+fp/hard/libc_nano.a(lib_a-sprintf.o)
                              /tmp/ccmLvdfN.o (sprintf)
/usr/local/bin/arm-gnu-toolchain/bin/../lib/gcc/arm-none-eabi/10.3.1/../../../../arm-none-eabi/lib/thumb/v7e-m+fp/hard/libc_nano.a(lib_a-strlen.o)
                              /tmp/ccmLvdfN.o (strlen)
/usr/local/bin/arm-gnu-toolchain/bin/../lib/gcc/arm-none-eabi/10.3.1/../../../../arm-none-eabi/lib/thumb/v7e-m+fp/hard/libc_nano.a(lib_a-wbuf.o)
                              /usr/local/bin/arm-gnu-toolchain/bin/../lib/gcc/arm-none-eabi/10.3.1/../../../../arm-none-eabi/lib/thumb/v7e-m+fp/hard/libc_nano.a(lib_a-puts.o) (__swbuf_r)
/usr/local/bin/arm-gnu-toolchain/bin/../lib/gcc/arm-none-eabi/10.3.1/../../../../arm-none-eabi/lib/thumb/v7e-m+fp/hard/libc_nano.a(lib_a-wsetup.o)
                              /usr/local/bin/arm-gnu-toolchain/bin/../lib/gcc/arm-none-eabi/10.3.1/../../../../arm-none-eabi/lib/thumb/v7e-m+fp/hard/libc_nano.a(lib_a-puts.o) (__swsetup_r)
/usr/local/bin/arm-gnu-toolchain/bin/../lib/gcc/arm-none-eabi/10.3.1/../../../../arm-none-eabi/lib/thumb/v7e-m+fp/hard/libc_nano.a(lib_a-fflush.o)
                              /usr/local/bin/arm-gnu-toolchain/bin/../lib/gcc/arm-none-eabi/10.3.1/../../../../arm-none-eabi/lib/thumb/v7e-m+fp/hard/libc_nano.a(lib_a-wbuf.o) (_fflush_r)
/usr/local/bin/arm-gnu-toolchain/bin/../lib/gcc/arm-none-eabi/10.3.1/../../../../arm-none-eabi/lib/thumb/v7e-m+fp/hard/libc_nano.a(lib_a-findfp.o)
                              /usr/local/bin/arm-gnu-toolchain/bin/../lib/gcc/arm-none-eabi/10.3.1/../../../../arm-none-eabi/lib/thumb/v7e-m+fp/hard/libc_nano.a(lib_a-printf.o) (__sinit)
/usr/local/bin/arm-gnu-toolchain/bin/../lib/gcc/arm-none-eabi/10.3.1/../../../../arm-none-eabi/lib/thumb/v7e-m+fp/hard/libc_nano.a(lib_a-fwalk.o)
                              /usr/local/bin/arm-gnu-toolchain/bin/../lib/gcc/arm-none-eabi/10.3.1/../../../../arm-none-eabi/lib/thumb/v7e-m+fp/hard/libc_nano.a(lib_a-findfp.o) (_fwalk)
[...]
Memory Configuration

Name             Origin             Length             Attributes
RAM              0x0000000020000000 0x0000000000020000 xrw
FLASH            0x0000000008000000 0x0000000000080000 xr
*default*        0x0000000000000000 0xffffffffffffffff

Linker script and memory map

LOAD /tmp/ccb21mLY.o
LOAD /tmp/ccNwzi6V.o
LOAD /tmp/ccviK4Mi.o
LOAD /tmp/ccbzucIw.o
LOAD /tmp/ccq6UW7b.o
LOAD /tmp/ccoNhb1r.o
LOAD /tmp/cc1s5kJt.o
LOAD /tmp/cc2c64eB.o
LOAD /tmp/ccFis79K.o
LOAD /tmp/ccqz48Hc.o
LOAD /tmp/cc6Tr7Ya.o
LOAD /tmp/ccpZw4R0.o
LOAD /tmp/ccZ4bJ5P.o
LOAD /tmp/ccRsjAy5.o
LOAD /tmp/cceO8BKT.o
LOAD /tmp/ccpynrOv.o
LOAD /tmp/ccLt1dfe.o
LOAD /tmp/cc9ol1Iv.o
LOAD /tmp/cc78qGZD.o
LOAD /tmp/cce5KK2z.o
LOAD /tmp/ccAVzQUy.o
LOAD /tmp/cc7HKQok.o
LOAD /tmp/ccV40oeb.o
LOAD /tmp/ccMz2wS3.o
LOAD /tmp/ccYmoCzS.o
LOAD /tmp/ccXlMhsw.o
LOAD /tmp/ccgz0Iz7.o
LOAD /tmp/cc8Ca0Yv.o
LOAD /tmp/cc2Buha2.o
LOAD /tmp/cc7RY9I8.o
LOAD /tmp/cc4wPmzq.o
LOAD /tmp/ccB1HSWU.o
LOAD /tmp/ccmu2SY0.o
LOAD /tmp/cc81lcMD.o
LOAD /tmp/ccO8L8Cw.o
LOAD /tmp/ccwBYAIt.o
LOAD /tmp/ccepeJsR.o
LOAD /tmp/cc6gvfF1.o
LOAD /tmp/ccxE3nFN.o
LOAD /tmp/cckntP7d.o
LOAD /tmp/ccRdxj3m.o
LOAD /tmp/ccJ6ZkmD.o
LOAD /tmp/ccpuaETt.o
LOAD /tmp/cccgA7im.o
LOAD /tmp/ccd5oZHm.o
LOAD /tmp/ccmLvdfN.o
LOAD /tmp/ccVWmoLq.o
LOAD /tmp/ccXWakT3.o
LOAD /tmp/ccQ8dUGR.o
LOAD /tmp/ccNbOQDS.o
LOAD /tmp/ccU3AcA1.o
LOAD /tmp/cc7Z0SoH.o
LOAD /tmp/ccvwF3IS.o
LOAD /tmp/cc78Qneu.o
LOAD /tmp/ccm4n4XO.o
LOAD /tmp/cc1cecos.o
LOAD /tmp/ccyFJQ6u.o
LOAD /tmp/ccgm6JRU.o
LOAD /tmp/ccT6Qgbz.o
LOAD /tmp/cc6ZThmB.o
LOAD /usr/local/bin/arm-gnu-toolchain/bin/../lib/gcc/arm-none-eabi/10.3.1/../../../../arm-none-eabi/lib/thumb/v7e-m+fp/hard/libc_nano.a
LOAD /usr/local/bin/arm-gnu-toolchain/bin/../lib/gcc/arm-none-eabi/10.3.1/thumb/v7e-m+fp/hard/libgcc.a
                0x0000000020020000                _estack = (ORIGIN (RAM) + LENGTH (RAM))
                0x0000000000000200                _Min_Heap_Size = 0x200
                0x0000000000000400                _Min_Stack_Size = 0x400

.isr_vector     0x0000000008000000      0x198
                0x0000000008000000                . = ALIGN (0x4)
 *(.isr_vector)
 .isr_vector    0x0000000008000000      0x198 /tmp/cc6ZThmB.o
                0x0000000008000000                g_pfnVectors
                0x0000000008000198                . = ALIGN (0x4)

.text           0x00000000080001a0     0x3df8
                0x00000000080001a0                . = ALIGN (0x4)
 *(.text)
 .text          0x00000000080001a0       0x10 /usr/local/bin/arm-gnu-toolchain/bin/../lib/gcc/arm-none-eabi/10.3.1/../../../../arm-none-eabi/lib/thumb/v7e-m+fp/hard/libc_nano.a(lib_a-strlen.o)
                0x00000000080001a0                strlen
 .text          0x00000000080001b0       0xa0 /usr/local/bin/arm-gnu-toolchain/bin/../lib/gcc/arm-none-eabi/10.3.1/../../../../arm-none-eabi/lib/thumb/v7e-m+fp/hard/libc_nano.a(lib_a-memchr.o)
                0x00000000080001b0                memchr
 .text          0x0000000008000250       0x30 /usr/local/bin/arm-gnu-toolchain/bin/../lib/gcc/arm-none-eabi/10.3.1/thumb/v7e-m+fp/hard/libgcc.a(_aeabi_uldivmod.o)
                0x0000000008000250                __aeabi_uldivmod
 .text          0x0000000008000280      0x2d0 /usr/local/bin/arm-gnu-toolchain/bin/../lib/gcc/arm-none-eabi/10.3.1/thumb/v7e-m+fp/hard/libgcc.a(_udivmoddi4.o)
                0x0000000008000280                __udivmoddi4
 .text          0x0000000008000550        0x4 /usr/local/bin/arm-gnu-toolchain/bin/../lib/gcc/arm-none-eabi/10.3.1/thumb/v7e-m+fp/hard/libgcc.a(_dvmd_tls.o)
                0x0000000008000550                __aeabi_ldiv0
                0x0000000008000550                __aeabi_idiv0
 *(.text*)
 .text.MX_GPIO_Init
                0x0000000008000554       0x9c /tmp/ccb21mLY.o
                0x0000000008000554                MX_GPIO_Init
 .text.SystemClock_Config
                0x00000000080005f0       0x9c /tmp/ccNwzi6V.o
                0x00000000080005f0                SystemClock_Config
 .text.startup.main
                0x000000000800068c       0x1c /tmp/ccNwzi6V.o
                0x000000000800068c                main
 .text.Error_Handler
                0x00000000080006a8        0x4 /tmp/ccNwzi6V.o
                0x00000000080006a8                Error_Handler
 .text.MX_SPI1_Init
                0x00000000080006ac       0x44 /tmp/ccviK4Mi.o
                0x00000000080006ac                MX_SPI1_Init
 .text.HAL_SPI_MspInit
                0x00000000080006f0       0x6c /tmp/ccviK4Mi.o
                0x00000000080006f0                HAL_SPI_MspInit
 .text.HAL_MspInit
                0x000000000800075c       0x38 /tmp/ccbzucIw.o
                0x000000000800075c                HAL_MspInit
 .text.NMI_Handler
                0x0000000008000794        0x2 /tmp/ccq6UW7b.o
                0x0000000008000794                NMI_Handler
 .text.HardFault_Handler
                0x0000000008000796        0x2 /tmp/ccq6UW7b.o
                0x0000000008000796                HardFault_Handler
 .text.MemManage_Handler
                0x0000000008000798        0x2 /tmp/ccq6UW7b.o
                0x0000000008000798                MemManage_Handler
 .text.BusFault_Handler
                0x000000000800079a        0x2 /tmp/ccq6UW7b.o
                0x000000000800079a                BusFault_Handler
 .text.UsageFault_Handler
                0x000000000800079c        0x2 /tmp/ccq6UW7b.o
                0x000000000800079c                UsageFault_Handler
 .text.SVC_Handler
                0x000000000800079e        0x2 /tmp/ccq6UW7b.o
                0x000000000800079e                SVC_Handler
 .text.DebugMon_Handler
                0x00000000080007a0        0x2 /tmp/ccq6UW7b.o
                0x00000000080007a0                DebugMon_Handler
 .text.PendSV_Handler
                0x00000000080007a2        0x2 /tmp/ccq6UW7b.o
                0x00000000080007a2                PendSV_Handler
 .text.SysTick_Handler
                0x00000000080007a4        0x4 /tmp/ccq6UW7b.o
                0x00000000080007a4                SysTick_Handler
 .text._read    0x00000000080007a8       0x1c /tmp/ccoNhb1r.o
                0x00000000080007a8                _read
 .text._write   0x00000000080007c4       0x1c /tmp/ccoNhb1r.o
                0x00000000080007c4                _write
 .text._close   0x00000000080007e0        0x6 /tmp/ccoNhb1r.o
                0x00000000080007e0                _close
 .text._fstat   0x00000000080007e6        0xa /tmp/ccoNhb1r.o
                0x00000000080007e6                _fstat
 .text._isatty  0x00000000080007f0        0x4 /tmp/ccoNhb1r.o
                0x00000000080007f0                _isatty
 .text._lseek   0x00000000080007f4        0x4 /tmp/ccoNhb1r.o
                0x00000000080007f4                _lseek
 .text._sbrk    0x00000000080007f8       0x40 /tmp/cc1s5kJt.o
                0x00000000080007f8                _sbrk
 .text.SystemInit
                0x0000000008000838       0x14 /tmp/cc2c64eB.o
                0x0000000008000838                SystemInit
 .text.HAL_TIM_PWM_MspInit
                0x000000000800084c       0x2c /tmp/ccFis79K.o
                0x000000000800084c                HAL_TIM_PWM_MspInit
 .text.HAL_TIM_MspPostInit
                0x0000000008000878       0x50 /tmp/ccFis79K.o
                0x0000000008000878                HAL_TIM_MspPostInit
 .text.MX_TIM2_Init
                0x00000000080008c8       0x74 /tmp/ccFis79K.o
                0x00000000080008c8                MX_TIM2_Init
 .text.HAL_InitTick
                0x000000000800093c       0x48 /tmp/ccqz48Hc.o
                0x000000000800093c                HAL_InitTick
 .text.HAL_Init
                0x0000000008000984       0x34 /tmp/ccqz48Hc.o
                0x0000000008000984                HAL_Init
 .text.HAL_IncTick
                0x00000000080009b8       0x18 /tmp/ccqz48Hc.o
                0x00000000080009b8                HAL_IncTick
 .text.HAL_GetTick
                0x00000000080009d0        0xc /tmp/ccqz48Hc.o
                0x00000000080009d0                HAL_GetTick
 .text.HAL_Delay
                0x00000000080009dc       0x28 /tmp/ccqz48Hc.o
                0x00000000080009dc                HAL_Delay
 .text.HAL_NVIC_SetPriorityGrouping
                0x0000000008000a04       0x24 /tmp/cc6Tr7Ya.o
                0x0000000008000a04                HAL_NVIC_SetPriorityGrouping
 .text.HAL_NVIC_SetPriority
                0x0000000008000a28       0x64 /tmp/cc6Tr7Ya.o
                0x0000000008000a28                HAL_NVIC_SetPriority
 .text.HAL_SYSTICK_Config
                0x0000000008000a8c       0x28 /tmp/cc6Tr7Ya.o
                0x0000000008000a8c                HAL_SYSTICK_Config
 .text.HAL_GPIO_Init
                0x0000000008000ab4      0x190 /tmp/cc9ol1Iv.o
                0x0000000008000ab4                HAL_GPIO_Init
 .text.HAL_GPIO_WritePin
                0x0000000008000c44        0xa /tmp/cc9ol1Iv.o
                0x0000000008000c44                HAL_GPIO_WritePin
 *fill*         0x0000000008000c4e        0x2 
 .text.HAL_RCC_OscConfig
                0x0000000008000c50      0x360 /tmp/ccAVzQUy.o
                0x0000000008000c50                HAL_RCC_OscConfig
 .text.HAL_RCC_GetSysClockFreq
                0x0000000008000fb0       0x5c /tmp/ccAVzQUy.o
                0x0000000008000fb0                HAL_RCC_GetSysClockFreq
 .text.HAL_RCC_ClockConfig
                0x000000000800100c      0x138 /tmp/ccAVzQUy.o
                0x000000000800100c                HAL_RCC_ClockConfig
 .text.SPI_WaitFlagStateUntilTimeout
                0x0000000008001144       0xb8 /tmp/ccV40oeb.o
 .text.SPI_EndRxTxTransaction
                0x00000000080011fc       0x78 /tmp/ccV40oeb.o
 .text.HAL_SPI_Init
                0x0000000008001274       0xb8 /tmp/ccV40oeb.o
                0x0000000008001274                HAL_SPI_Init
 .text.HAL_SPI_Transmit
                0x000000000800132c      0x162 /tmp/ccV40oeb.o
                0x000000000800132c                HAL_SPI_Transmit
 *fill*         0x000000000800148e        0x2 
 .text.TIM_OC1_SetConfig
                0x0000000008001490       0x50 /tmp/ccMz2wS3.o
 .text.TIM_OC3_SetConfig
                0x00000000080014e0       0x54 /tmp/ccMz2wS3.o
 .text.TIM_OC4_SetConfig
                0x0000000008001534       0x44 /tmp/ccMz2wS3.o
 .text.TIM_Base_SetConfig
                0x0000000008001578       0xa8 /tmp/ccMz2wS3.o
                0x0000000008001578                TIM_Base_SetConfig
 .text.HAL_TIM_PWM_Init
                0x0000000008001620       0x58 /tmp/ccMz2wS3.o
                0x0000000008001620                HAL_TIM_PWM_Init
 .text.TIM_OC2_SetConfig
                0x0000000008001678       0x58 /tmp/ccMz2wS3.o
                0x0000000008001678                TIM_OC2_SetConfig
 .text.HAL_TIM_PWM_ConfigChannel
                0x00000000080016d0       0xb8 /tmp/ccMz2wS3.o
                0x00000000080016d0                HAL_TIM_PWM_ConfigChannel
 .text.TIM_CCxChannelCmd
                0x0000000008001788       0x1c /tmp/ccMz2wS3.o
                0x0000000008001788                TIM_CCxChannelCmd
 .text.HAL_TIM_OC_Start
                0x00000000080017a4       0xb4 /tmp/ccMz2wS3.o
                0x00000000080017a4                HAL_TIM_OC_Start
 .text.HAL_TIM_PWM_Start
                0x0000000008001858        0x4 /tmp/ccMz2wS3.o
                0x0000000008001858                HAL_TIM_PWM_Start
 .text.HAL_TIMEx_MasterConfigSynchronization
                0x000000000800185c       0x6c /tmp/ccYmoCzS.o
                0x000000000800185c                HAL_TIMEx_MasterConfigSynchronization
 .text.DEV_SPI_WRite
                0x00000000080018c8       0x20 /tmp/ccXlMhsw.o
                0x00000000080018c8                DEV_SPI_WRite
 .text.DEV_Module_Init
                0x00000000080018e8       0x3c /tmp/ccXlMhsw.o
                0x00000000080018e8                DEV_Module_Init
 *fill*         0x0000000008001924        0x4 
 .text.LCD_1in83_test
                0x0000000008001928      0x1b4 /tmp/cc81lcMD.o
                0x0000000008001928                LCD_1in83_test
 .text.Paint_NewImage
                0x0000000008001adc       0x44 /tmp/ccmLvdfN.o
                0x0000000008001adc                Paint_NewImage
 .text.Paint_SetClearFuntion
                0x0000000008001b20        0xc /tmp/ccmLvdfN.o
                0x0000000008001b20                Paint_SetClearFuntion
 .text.Paint_SetDisplayFuntion
                0x0000000008001b2c        0xc /tmp/ccmLvdfN.o
                0x0000000008001b2c                Paint_SetDisplayFuntion
 .text.Paint_SetPixel
                0x0000000008001b38       0xc0 /tmp/ccmLvdfN.o
                0x0000000008001b38                Paint_SetPixel
 .text.Paint_Clear
                0x0000000008001bf8        0xc /tmp/ccmLvdfN.o
                0x0000000008001bf8                Paint_Clear
 .text.Paint_DrawPoint
                0x0000000008001c04       0xdc /tmp/ccmLvdfN.o
                0x0000000008001c04                Paint_DrawPoint
 .text.Paint_DrawLine
                0x0000000008001ce0      0x124 /tmp/ccmLvdfN.o
                0x0000000008001ce0                Paint_DrawLine
 .text.Paint_DrawRectangle
                0x0000000008001e04       0xd8 /tmp/ccmLvdfN.o
                0x0000000008001e04                Paint_DrawRectangle
 .text.Paint_DrawCircle
                0x0000000008001edc      0x270 /tmp/ccmLvdfN.o
                0x0000000008001edc                Paint_DrawCircle
 .text.Paint_DrawChar
                0x000000000800214c       0xcc /tmp/ccmLvdfN.o
                0x000000000800214c                Paint_DrawChar
 .text.Paint_DrawString_EN
                0x0000000008002218       0x94 /tmp/ccmLvdfN.o
                0x0000000008002218                Paint_DrawString_EN
 .text.Paint_DrawString_CN
                0x00000000080022ac      0x164 /tmp/ccmLvdfN.o
                0x00000000080022ac                Paint_DrawString_CN
 .text.Paint_DrawFloatNum
                0x0000000008002410       0x80 /tmp/ccmLvdfN.o
                0x0000000008002410                Paint_DrawFloatNum
 .text.Paint_DrawImage
                0x0000000008002490       0x80 /tmp/ccmLvdfN.o
                0x0000000008002490                Paint_DrawImage
 .text.LCD_1IN83_SendCommand
                0x0000000008002510       0x2c /tmp/cc78Qneu.o
 .text.LCD_1IN83_SendData_8Bit
                0x000000000800253c       0x1c /tmp/cc78Qneu.o
 .text.LCD_1IN83_Init
                0x0000000008002558      0x360 /tmp/cc78Qneu.o
                0x0000000008002558                LCD_1IN83_Init
 .text.LCD_1IN83_SetWindows
                0x00000000080028b8       0xdc /tmp/cc78Qneu.o
                0x00000000080028b8                LCD_1IN83_SetWindows
 .text.LCD_1IN83_SetWindows_Point
                0x0000000008002994       0xd0 /tmp/cc78Qneu.o
                0x0000000008002994                LCD_1IN83_SetWindows_Point
 .text.LCD_1IN83_Clear
                0x0000000008002a64       0x4c /tmp/cc78Qneu.o
                0x0000000008002a64                LCD_1IN83_Clear
 .text.LCD_1IN83_DrawPoint
                0x0000000008002ab0       0x44 /tmp/cc78Qneu.o
                0x0000000008002ab0                LCD_1IN83_DrawPoint
 .text.LCD_1IN83_SetBackLight
                0x0000000008002af4        0x8 /tmp/cc78Qneu.o
                0x0000000008002af4                LCD_1IN83_SetBackLight
 .text.Reset_Handler
                0x0000000008002afc       0x54 /tmp/cc6ZThmB.o
                0x0000000008002afc                Reset_Handler
                0x0000000008002b34                _init
 .text.Default_Handler
                0x0000000008002b50        0x2 /tmp/cc6ZThmB.o
                0x0000000008002b50                RTC_Alarm_IRQHandler
                0x0000000008002b50                EXTI2_IRQHandler
                0x0000000008002b50                SPI4_IRQHandler
                0x0000000008002b50                TIM1_CC_IRQHandler
                0x0000000008002b50                DMA2_Stream5_IRQHandler
                0x0000000008002b50                DMA1_Stream5_IRQHandler
                0x0000000008002b50                PVD_IRQHandler
                0x0000000008002b50                SDIO_IRQHandler
                0x0000000008002b50                TAMP_STAMP_IRQHandler
                0x0000000008002b50                EXTI3_IRQHandler
                0x0000000008002b50                TIM1_UP_TIM10_IRQHandler
                0x0000000008002b50                I2C3_ER_IRQHandler
                0x0000000008002b50                EXTI0_IRQHandler
                0x0000000008002b50                I2C2_EV_IRQHandler
                0x0000000008002b50                DMA1_Stream2_IRQHandler
                0x0000000008002b50                FPU_IRQHandler
                0x0000000008002b50                DMA2_Stream2_IRQHandler
                0x0000000008002b50                SPI1_IRQHandler
                0x0000000008002b50                TIM1_BRK_TIM9_IRQHandler
                0x0000000008002b50                DMA2_Stream3_IRQHandler
                0x0000000008002b50                USART6_IRQHandler
                0x0000000008002b50                DMA2_Stream0_IRQHandler
                0x0000000008002b50                TIM4_IRQHandler
                0x0000000008002b50                I2C1_EV_IRQHandler
                0x0000000008002b50                DMA1_Stream6_IRQHandler
                0x0000000008002b50                DMA1_Stream1_IRQHandler
                0x0000000008002b50                TIM3_IRQHandler
                0x0000000008002b50                RCC_IRQHandler
                0x0000000008002b50                Default_Handler
                0x0000000008002b50                EXTI15_10_IRQHandler
                0x0000000008002b50                ADC_IRQHandler
                0x0000000008002b50                DMA1_Stream7_IRQHandler
                0x0000000008002b50                SPI5_IRQHandler
                0x0000000008002b50                TIM5_IRQHandler
                0x0000000008002b50                DMA2_Stream7_IRQHandler
                0x0000000008002b50                I2C3_EV_IRQHandler
                0x0000000008002b50                EXTI9_5_IRQHandler
                0x0000000008002b50                RTC_WKUP_IRQHandler
                0x0000000008002b50                SPI2_IRQHandler
                0x0000000008002b50                DMA1_Stream0_IRQHandler
                0x0000000008002b50                EXTI4_IRQHandler
                0x0000000008002b50                WWDG_IRQHandler
                0x0000000008002b50                TIM2_IRQHandler
                0x0000000008002b50                OTG_FS_WKUP_IRQHandler
                0x0000000008002b50                TIM1_TRG_COM_TIM11_IRQHandler
                0x0000000008002b50                EXTI1_IRQHandler
                0x0000000008002b50                USART2_IRQHandler
                0x0000000008002b50                I2C2_ER_IRQHandler
                0x0000000008002b50                DMA2_Stream1_IRQHandler
                0x0000000008002b50                FLASH_IRQHandler
                0x0000000008002b50                DMA2_Stream4_IRQHandler
                0x0000000008002b50                USART1_IRQHandler
                0x0000000008002b50                OTG_FS_IRQHandler
                0x0000000008002b50                SPI3_IRQHandler
                0x0000000008002b50                DMA1_Stream4_IRQHandler
                0x0000000008002b50                I2C1_ER_IRQHandler
                0x0000000008002b50                DMA2_Stream6_IRQHandler
                0x0000000008002b50                DMA1_Stream3_IRQHandler
 *fill*         0x0000000008002b52        0x2 
 .text.__errno  0x0000000008002b54        0xc /usr/local/bin/arm-gnu-toolchain/bin/../lib/gcc/arm-none-eabi/10.3.1/../../../../arm-none-eabi/lib/thumb/v7e-m+fp/hard/libc_nano.a(lib_a-errno.o)
                0x0000000008002b54                __errno
 .text.__libc_init_array
                0x0000000008002b60       0x48 /usr/local/bin/arm-gnu-toolchain/bin/../lib/gcc/arm-none-eabi/10.3.1/../../../../arm-none-eabi/lib/thumb/v7e-m+fp/hard/libc_nano.a(lib_a-init.o)
                0x0000000008002b60                __libc_init_array
 .text.malloc   0x0000000008002ba8       0x10 /usr/local/bin/arm-gnu-toolchain/bin/../lib/gcc/arm-none-eabi/10.3.1/../../../../arm-none-eabi/lib/thumb/v7e-m+fp/hard/libc_nano.a(lib_a-malloc.o)
                0x0000000008002ba8                malloc
 .text.free     0x0000000008002bb8       0x10 /usr/local/bin/arm-gnu-toolchain/bin/../lib/gcc/arm-none-eabi/10.3.1/../../../../arm-none-eabi/lib/thumb/v7e-m+fp/hard/libc_nano.a(lib_a-malloc.o)
                0x0000000008002bb8                free
 .text.memcpy   0x0000000008002bc8       0x1c /usr/local/bin/arm-gnu-toolchain/bin/../lib/gcc/arm-none-eabi/10.3.1/../../../../arm-none-eabi/lib/thumb/v7e-m+fp/hard/libc_nano.a(lib_a-memcpy-stub.o)
                0x0000000008002bc8                memcpy
 .text.memset   0x0000000008002be4       0x10 /usr/local/bin/arm-gnu-toolchain/bin/../lib/gcc/arm-none-eabi/10.3.1/../../../../arm-none-eabi/lib/thumb/v7e-m+fp/hard/libc_nano.a(lib_a-memset.o)
                0x0000000008002be4                memset
 .text._free_r  0x0000000008002bf4       0x98 /usr/local/bin/arm-gnu-toolchain/bin/../lib/gcc/arm-none-eabi/10.3.1/../../../../arm-none-eabi/lib/thumb/v7e-m+fp/hard/libc_nano.a(lib_a-nano-freer.o)
                0x0000000008002bf4                _free_r
 .text.sbrk_aligned
                0x0000000008002c8c       0x40 /usr/local/bin/arm-gnu-toolchain/bin/../lib/gcc/arm-none-eabi/10.3.1/../../../../arm-none-eabi/lib/thumb/v7e-m+fp/hard/libc_nano.a(lib_a-nano-mallocr.o)
 .text._malloc_r
                0x0000000008002ccc       0xe8 /usr/local/bin/arm-gnu-toolchain/bin/../lib/gcc/arm-none-eabi/10.3.1/../../../../arm-none-eabi/lib/thumb/v7e-m+fp/hard/libc_nano.a(lib_a-nano-mallocr.o)
                0x0000000008002ccc                _malloc_r
 .text.printf   0x0000000008002db4       0x30 /usr/local/bin/arm-gnu-toolchain/bin/../lib/gcc/arm-none-eabi/10.3.1/../../../../arm-none-eabi/lib/thumb/v7e-m+fp/hard/libc_nano.a(lib_a-printf.o)
                0x0000000008002db4                printf
                0x0000000008002db4                iprintf
 .text._puts_r  0x0000000008002de4       0xdc /usr/local/bin/arm-gnu-toolchain/bin/../lib/gcc/arm-none-eabi/10.3.1/../../../../arm-none-eabi/lib/thumb/v7e-m+fp/hard/libc_nano.a(lib_a-puts.o)
                0x0000000008002de4                _puts_r
 .text.puts     0x0000000008002ec0       0x10 /usr/local/bin/arm-gnu-toolchain/bin/../lib/gcc/arm-none-eabi/10.3.1/../../../../arm-none-eabi/lib/thumb/v7e-m+fp/hard/libc_nano.a(lib_a-puts.o)
                0x0000000008002ec0                puts
 .text._sbrk_r  0x0000000008002ed0       0x20 /usr/local/bin/arm-gnu-toolchain/bin/../lib/gcc/arm-none-eabi/10.3.1/../../../../arm-none-eabi/lib/thumb/v7e-m+fp/hard/libc_nano.a(lib_a-sbrkr.o)
                0x0000000008002ed0                _sbrk_r
 .text.sprintf  0x0000000008002ef0       0x40 /usr/local/bin/arm-gnu-toolchain/bin/../lib/gcc/arm-none-eabi/10.3.1/../../../../arm-none-eabi/lib/thumb/v7e-m+fp/hard/libc_nano.a(lib_a-sprintf.o)
                0x0000000008002ef0                sprintf
                0x0000000008002ef0                siprintf
 .text.__swbuf_r
                0x0000000008002f30       0xa4 /usr/local/bin/arm-gnu-toolchain/bin/../lib/gcc/arm-none-eabi/10.3.1/../../../../arm-none-eabi/lib/thumb/v7e-m+fp/hard/libc_nano.a(lib_a-wbuf.o)
                0x0000000008002f30                __swbuf_r
 .text.__swsetup_r
                0x0000000008002fd4       0xdc /usr/local/bin/arm-gnu-toolchain/bin/../lib/gcc/arm-none-eabi/10.3.1/../../../../arm-none-eabi/lib/thumb/v7e-m+fp/hard/libc_nano.a(lib_a-wsetup.o)
                0x0000000008002fd4                __swsetup_r
 .text.__sflush_r
                0x00000000080030b0      0x10c /usr/local/bin/arm-gnu-toolchain/bin/../lib/gcc/arm-none-eabi/10.3.1/../../../../arm-none-eabi/lib/thumb/v7e-m+fp/hard/libc_nano.a(lib_a-fflush.o)
                0x00000000080030b0                __sflush_r
 .text._fflush_r
                0x00000000080031bc       0x78 /usr/local/bin/arm-gnu-toolchain/bin/../lib/gcc/arm-none-eabi/10.3.1/../../../../arm-none-eabi/lib/thumb/v7e-m+fp/hard/libc_nano.a(lib_a-fflush.o)
                0x00000000080031bc                _fflush_r
 .text.std      0x0000000008003234       0x48 /usr/local/bin/arm-gnu-toolchain/bin/../lib/gcc/arm-none-eabi/10.3.1/../../../../arm-none-eabi/lib/thumb/v7e-m+fp/hard/libc_nano.a(lib_a-findfp.o)
 .text._cleanup_r
                0x000000000800327c        0xc /usr/local/bin/arm-gnu-toolchain/bin/../lib/gcc/arm-none-eabi/10.3.1/../../../../arm-none-eabi/lib/thumb/v7e-m+fp/hard/libc_nano.a(lib_a-findfp.o)
                0x000000000800327c                _cleanup_r
 .text.__sfmoreglue
                0x0000000008003288       0x2c /usr/local/bin/arm-gnu-toolchain/bin/../lib/gcc/arm-none-eabi/10.3.1/../../../../arm-none-eabi/lib/thumb/v7e-m+fp/hard/libc_nano.a(lib_a-findfp.o)
                0x0000000008003288                __sfmoreglue
 .text.__sfp_lock_acquire
                0x00000000080032b4        0xc /usr/local/bin/arm-gnu-toolchain/bin/../lib/gcc/arm-none-eabi/10.3.1/../../../../arm-none-eabi/lib/thumb/v7e-m+fp/hard/libc_nano.a(lib_a-findfp.o)
                0x00000000080032b4                __sfp_lock_acquire
 .text.__sfp_lock_release
                0x00000000080032c0        0xc /usr/local/bin/arm-gnu-toolchain/bin/../lib/gcc/arm-none-eabi/10.3.1/../../../../arm-none-eabi/lib/thumb/v7e-m+fp/hard/libc_nano.a(lib_a-findfp.o)
                0x00000000080032c0                __sfp_lock_release
 .text.__sinit_lock_acquire
                0x00000000080032cc        0xc /usr/local/bin/arm-gnu-toolchain/bin/../lib/gcc/arm-none-eabi/10.3.1/../../../../arm-none-eabi/lib/thumb/v7e-m+fp/hard/libc_nano.a(lib_a-findfp.o)
                0x00000000080032cc                __sinit_lock_acquire
 .text.__sinit_lock_release
                0x00000000080032d8        0xc /usr/local/bin/arm-gnu-toolchain/bin/../lib/gcc/arm-none-eabi/10.3.1/../../../../arm-none-eabi/lib/thumb/v7e-m+fp/hard/libc_nano.a(lib_a-findfp.o)
                0x00000000080032d8                __sinit_lock_release
 .text.__sinit  0x00000000080032e4       0x70 /usr/local/bin/arm-gnu-toolchain/bin/../lib/gcc/arm-none-eabi/10.3.1/../../../../arm-none-eabi/lib/thumb/v7e-m+fp/hard/libc_nano.a(lib_a-findfp.o)
                0x00000000080032e4                __sinit
 .text.__sfp    0x0000000008003354       0x8c /usr/local/bin/arm-gnu-toolchain/bin/../lib/gcc/arm-none-eabi/10.3.1/../../../../arm-none-eabi/lib/thumb/v7e-m+fp/hard/libc_nano.a(lib_a-findfp.o)
                0x0000000008003354                __sfp
 .text._fwalk_reent
                0x00000000080033e0       0x3e /usr/local/bin/arm-gnu-toolchain/bin/../lib/gcc/arm-none-eabi/10.3.1/../../../../arm-none-eabi/lib/thumb/v7e-m+fp/hard/libc_nano.a(lib_a-fwalk.o)
                0x00000000080033e0                _fwalk_reent
 .text.__retarget_lock_init_recursive
                0x000000000800341e        0x2 /usr/local/bin/arm-gnu-toolchain/bin/../lib/gcc/arm-none-eabi/10.3.1/../../../../arm-none-eabi/lib/thumb/v7e-m+fp/hard/libc_nano.a(lib_a-lock.o)
                0x000000000800341e                __retarget_lock_init_recursive
 .text.__retarget_lock_acquire_recursive
                0x0000000008003420        0x2 /usr/local/bin/arm-gnu-toolchain/bin/../lib/gcc/arm-none-eabi/10.3.1/../../../../arm-none-eabi/lib/thumb/v7e-m+fp/hard/libc_nano.a(lib_a-lock.o)
                0x0000000008003420                __retarget_lock_acquire_recursive
 .text.__retarget_lock_release_recursive
                0x0000000008003422        0x2 /usr/local/bin/arm-gnu-toolchain/bin/../lib/gcc/arm-none-eabi/10.3.1/../../../../arm-none-eabi/lib/thumb/v7e-m+fp/hard/libc_nano.a(lib_a-lock.o)
                0x0000000008003422                __retarget_lock_release_recursive
 .text.__swhatbuf_r
                0x0000000008003424       0x4a /usr/local/bin/arm-gnu-toolchain/bin/../lib/gcc/arm-none-eabi/10.3.1/../../../../arm-none-eabi/lib/thumb/v7e-m+fp/hard/libc_nano.a(lib_a-makebuf.o)
                0x0000000008003424                __swhatbuf_r
 *fill*         0x000000000800346e        0x2 
 .text.__smakebuf_r
                0x0000000008003470       0x80 /usr/local/bin/arm-gnu-toolchain/bin/../lib/gcc/arm-none-eabi/10.3.1/../../../../arm-none-eabi/lib/thumb/v7e-m+fp/hard/libc_nano.a(lib_a-makebuf.o)
                0x0000000008003470                __smakebuf_r
 .text.__malloc_lock
                0x00000000080034f0        0xc /usr/local/bin/arm-gnu-toolchain/bin/../lib/gcc/arm-none-eabi/10.3.1/../../../../arm-none-eabi/lib/thumb/v7e-m+fp/hard/libc_nano.a(lib_a-mlock.o)
                0x00000000080034f0                __malloc_lock
 .text.__malloc_unlock
                0x00000000080034fc        0xc /usr/local/bin/arm-gnu-toolchain/bin/../lib/gcc/arm-none-eabi/10.3.1/../../../../arm-none-eabi/lib/thumb/v7e-m+fp/hard/libc_nano.a(lib_a-mlock.o)
                0x00000000080034fc                __malloc_unlock
 .text.__ssputs_r
                0x0000000008003508       0xb6 /usr/local/bin/arm-gnu-toolchain/bin/../lib/gcc/arm-none-eabi/10.3.1/../../../../arm-none-eabi/lib/thumb/v7e-m+fp/hard/libc_nano.a(lib_a-nano-svfprintf.o)
                0x0000000008003508                __ssputs_r
 *fill*         0x00000000080035be        0x2 
 .text._svfprintf_r
                0x00000000080035c0      0x200 /usr/local/bin/arm-gnu-toolchain/bin/../lib/gcc/arm-none-eabi/10.3.1/../../../../arm-none-eabi/lib/thumb/v7e-m+fp/hard/libc_nano.a(lib_a-nano-svfprintf.o)
                0x00000000080035c0                _svfprintf_r
                0x00000000080035c0                _svfiprintf_r
 .text.__sfputc_r
                0x00000000080037c0       0x2e /usr/local/bin/arm-gnu-toolchain/bin/../lib/gcc/arm-none-eabi/10.3.1/../../../../arm-none-eabi/lib/thumb/v7e-m+fp/hard/libc_nano.a(lib_a-nano-vfprintf.o)
 .text.__sfputs_r
                0x00000000080037ee       0x24 /usr/local/bin/arm-gnu-toolchain/bin/../lib/gcc/arm-none-eabi/10.3.1/../../../../arm-none-eabi/lib/thumb/v7e-m+fp/hard/libc_nano.a(lib_a-nano-vfprintf.o)
                0x00000000080037ee                __sfputs_r
 *fill*         0x0000000008003812        0x2 
 .text._vfprintf_r
                0x0000000008003814      0x260 /usr/local/bin/arm-gnu-toolchain/bin/../lib/gcc/arm-none-eabi/10.3.1/../../../../arm-none-eabi/lib/thumb/v7e-m+fp/hard/libc_nano.a(lib_a-nano-vfprintf.o)
                0x0000000008003814                _vfiprintf_r
                0x0000000008003814                _vfprintf_r
 .text._printf_common
                0x0000000008003a74       0xda /usr/local/bin/arm-gnu-toolchain/bin/../lib/gcc/arm-none-eabi/10.3.1/../../../../arm-none-eabi/lib/thumb/v7e-m+fp/hard/libc_nano.a(lib_a-nano-vfprintf_i.o)
                0x0000000008003a74                _printf_common
 *fill*         0x0000000008003b4e        0x2 
 .text._printf_i
                0x0000000008003b50      0x24c /usr/local/bin/arm-gnu-toolchain/bin/../lib/gcc/arm-none-eabi/10.3.1/../../../../arm-none-eabi/lib/thumb/v7e-m+fp/hard/libc_nano.a(lib_a-nano-vfprintf_i.o)
                0x0000000008003b50                _printf_i
 .text.__sread  0x0000000008003d9c       0x22 /usr/local/bin/arm-gnu-toolchain/bin/../lib/gcc/arm-none-eabi/10.3.1/../../../../arm-none-eabi/lib/thumb/v7e-m+fp/hard/libc_nano.a(lib_a-stdio.o)
                0x0000000008003d9c                __sread
 .text.__swrite
                0x0000000008003dbe       0x38 /usr/local/bin/arm-gnu-toolchain/bin/../lib/gcc/arm-none-eabi/10.3.1/../../../../arm-none-eabi/lib/thumb/v7e-m+fp/hard/libc_nano.a(lib_a-stdio.o)
                0x0000000008003dbe                __swrite
 .text.__sseek  0x0000000008003df6       0x24 /usr/local/bin/arm-gnu-toolchain/bin/../lib/gcc/arm-none-eabi/10.3.1/../../../../arm-none-eabi/lib/thumb/v7e-m+fp/hard/libc_nano.a(lib_a-stdio.o)
                0x0000000008003df6                __sseek
 .text.__sclose
                0x0000000008003e1a        0x8 /usr/local/bin/arm-gnu-toolchain/bin/../lib/gcc/arm-none-eabi/10.3.1/../../../../arm-none-eabi/lib/thumb/v7e-m+fp/hard/libc_nano.a(lib_a-stdio.o)
                0x0000000008003e1a                __sclose
 *fill*         0x0000000008003e22        0x2 
 .text._write_r
                0x0000000008003e24       0x24 /usr/local/bin/arm-gnu-toolchain/bin/../lib/gcc/arm-none-eabi/10.3.1/../../../../arm-none-eabi/lib/thumb/v7e-m+fp/hard/libc_nano.a(lib_a-writer.o)
                0x0000000008003e24                _write_r
 .text._close_r
                0x0000000008003e48       0x20 /usr/local/bin/arm-gnu-toolchain/bin/../lib/gcc/arm-none-eabi/10.3.1/../../../../arm-none-eabi/lib/thumb/v7e-m+fp/hard/libc_nano.a(lib_a-closer.o)
                0x0000000008003e48                _close_r
 .text._fstat_r
                0x0000000008003e68       0x24 /usr/local/bin/arm-gnu-toolchain/bin/../lib/gcc/arm-none-eabi/10.3.1/../../../../arm-none-eabi/lib/thumb/v7e-m+fp/hard/libc_nano.a(lib_a-fstatr.o)
                0x0000000008003e68                _fstat_r
 .text._isatty_r
                0x0000000008003e8c       0x20 /usr/local/bin/arm-gnu-toolchain/bin/../lib/gcc/arm-none-eabi/10.3.1/../../../../arm-none-eabi/lib/thumb/v7e-m+fp/hard/libc_nano.a(lib_a-isattyr.o)
                0x0000000008003e8c                _isatty_r
 .text._lseek_r
                0x0000000008003eac       0x24 /usr/local/bin/arm-gnu-toolchain/bin/../lib/gcc/arm-none-eabi/10.3.1/../../../../arm-none-eabi/lib/thumb/v7e-m+fp/hard/libc_nano.a(lib_a-lseekr.o)
                0x0000000008003eac                _lseek_r
 .text.memmove  0x0000000008003ed0       0x34 /usr/local/bin/arm-gnu-toolchain/bin/../lib/gcc/arm-none-eabi/10.3.1/../../../../arm-none-eabi/lib/thumb/v7e-m+fp/hard/libc_nano.a(lib_a-memmove.o)
                0x0000000008003ed0                memmove
 .text._realloc_r
                0x0000000008003f04       0x5e /usr/local/bin/arm-gnu-toolchain/bin/../lib/gcc/arm-none-eabi/10.3.1/../../../../arm-none-eabi/lib/thumb/v7e-m+fp/hard/libc_nano.a(lib_a-nano-reallocr.o)
                0x0000000008003f04                _realloc_r
 *fill*         0x0000000008003f62        0x2 
 .text._read_r  0x0000000008003f64       0x24 /usr/local/bin/arm-gnu-toolchain/bin/../lib/gcc/arm-none-eabi/10.3.1/../../../../arm-none-eabi/lib/thumb/v7e-m+fp/hard/libc_nano.a(lib_a-readr.o)
                0x0000000008003f64                _read_r
 .text._malloc_usable_size_r
                0x0000000008003f88       0x10 /usr/local/bin/arm-gnu-toolchain/bin/../lib/gcc/arm-none-eabi/10.3.1/../../../../arm-none-eabi/lib/thumb/v7e-m+fp/hard/libc_nano.a(lib_a-nano-msizer.o)
                0x0000000008003f88                _malloc_usable_size_r
 *(.glue_7)
 .glue_7        0x0000000008003f98        0x0 linker stubs
 *(.glue_7t)
 .glue_7t       0x0000000008003f98        0x0 linker stubs
 *(.eh_frame)
 *(.init)
 *(.fini)
                0x0000000008003f98                . = ALIGN (0x4)
                0x0000000008003f98                _etext = .

.vfp11_veneer   0x0000000008003f98        0x0
 .vfp11_veneer  0x0000000008003f98        0x0 linker stubs

.v4_bx          0x0000000008003f98        0x0
 .v4_bx         0x0000000008003f98        0x0 linker stubs

.iplt           0x0000000008003f98        0x0
 .iplt          0x0000000008003f98        0x0 /tmp/ccb21mLY.o

.rodata         0x0000000008003f98     0x4fcc
                0x0000000008003f98                . = ALIGN (0x4)
 *(.rodata)
 *(.rodata*)
 .rodata.AHBPrescTable
                0x0000000008003f98       0x10 /tmp/cc2c64eB.o
                0x0000000008003f98                AHBPrescTable
 .rodata.LCD_1in83_test.str1.1
                0x0000000008003fa8       0x93 /tmp/cc81lcMD.o
 .rodata.Font12_Table
                0x000000000800403b      0x474 /tmp/ccxE3nFN.o
                0x000000000800403b                Font12_Table
 .rodata.Font24_Table
                0x00000000080044af     0x1ab8 /tmp/ccpuaETt.o
                0x00000000080044af                Font24_Table
 .rodata.Font24CN_Table
                0x0000000008005f67     0x1182 /tmp/cccgA7im.o
                0x0000000008005f67                Font24CN_Table
 .rodata.Paint_NewImage.str1.1
                0x00000000080070e9       0x22 /tmp/ccmLvdfN.o
 .rodata.Paint_SetPixel.str1.1
                0x000000000800710b       0x26 /tmp/ccmLvdfN.o
 .rodata.Paint_DrawPoint.str1.1
                0x0000000008007131       0x40 /tmp/ccmLvdfN.o
 .rodata.Paint_DrawLine.str1.1
                0x0000000008007171       0x3f /tmp/ccmLvdfN.o
 .rodata.Paint_DrawRectangle.str1.1
                0x00000000080071b0       0x30 /tmp/ccmLvdfN.o
 .rodata.Paint_DrawCircle.str1.1
                0x00000000080071e0       0x41 /tmp/ccmLvdfN.o
 .rodata.Paint_DrawChar.str1.1
                0x0000000008007221       0x3f /tmp/ccmLvdfN.o
 .rodata.Paint_DrawString_EN.str1.1
                0x0000000008007260       0x44 /tmp/ccmLvdfN.o
 .rodata.Paint_DrawFloatNum.str1.1
                0x00000000080072a4        0x6 /tmp/ccmLvdfN.o
 .rodata.gImage_1
                0x00000000080072aa     0x1c20 /tmp/ccVWmoLq.o
                0x00000000080072aa                gImage_1
 *fill*         0x0000000008008eca        0x2 
 .rodata._global_impure_ptr
                0x0000000008008ecc        0x4 /usr/local/bin/arm-gnu-toolchain/bin/../lib/gcc/arm-none-eabi/10.3.1/../../../../arm-none-eabi/lib/thumb/v7e-m+fp/hard/libc_nano.a(lib_a-impure.o)
                0x0000000008008ecc                _global_impure_ptr
 .rodata.__sf_fake_stderr
                0x0000000008008ed0       0x20 /usr/local/bin/arm-gnu-toolchain/bin/../lib/gcc/arm-none-eabi/10.3.1/../../../../arm-none-eabi/lib/thumb/v7e-m+fp/hard/libc_nano.a(lib_a-findfp.o)
                0x0000000008008ed0                __sf_fake_stderr
 .rodata.__sf_fake_stdin
                0x0000000008008ef0       0x20 /usr/local/bin/arm-gnu-toolchain/bin/../lib/gcc/arm-none-eabi/10.3.1/../../../../arm-none-eabi/lib/thumb/v7e-m+fp/hard/libc_nano.a(lib_a-findfp.o)
                0x0000000008008ef0                __sf_fake_stdin
 .rodata.__sf_fake_stdout
                0x0000000008008f10       0x20 /usr/local/bin/arm-gnu-toolchain/bin/../lib/gcc/arm-none-eabi/10.3.1/../../../../arm-none-eabi/lib/thumb/v7e-m+fp/hard/libc_nano.a(lib_a-findfp.o)
                0x0000000008008f10                __sf_fake_stdout
 .rodata._svfprintf_r.str1.1
                0x0000000008008f30       0x11 /usr/local/bin/arm-gnu-toolchain/bin/../lib/gcc/arm-none-eabi/10.3.1/../../../../arm-none-eabi/lib/thumb/v7e-m+fp/hard/libc_nano.a(lib_a-nano-svfprintf.o)
 .rodata._vfprintf_r.str1.1
                0x0000000008008f41       0x11 /usr/local/bin/arm-gnu-toolchain/bin/../lib/gcc/arm-none-eabi/10.3.1/../../../../arm-none-eabi/lib/thumb/v7e-m+fp/hard/libc_nano.a(lib_a-nano-vfprintf.o)
 .rodata._printf_i.str1.1
                0x0000000008008f41       0x22 /usr/local/bin/arm-gnu-toolchain/bin/../lib/gcc/arm-none-eabi/10.3.1/../../../../arm-none-eabi/lib/thumb/v7e-m+fp/hard/libc_nano.a(lib_a-nano-vfprintf_i.o)
                0x0000000008008f64                . = ALIGN (0x4)
 *fill*         0x0000000008008f63        0x1 

.ARM.extab      0x0000000008008f64        0x0
                0x0000000008008f64                . = ALIGN (0x4)
 *(.ARM.extab* .gnu.linkonce.armextab.*)
                0x0000000008008f64                . = ALIGN (0x4)

.ARM            0x0000000008008f64        0x8
                0x0000000008008f64                . = ALIGN (0x4)
                0x0000000008008f64                __exidx_start = .
 *(.ARM.exidx*)
 .ARM.exidx     0x0000000008008f64        0x8 /usr/local/bin/arm-gnu-toolchain/bin/../lib/gcc/arm-none-eabi/10.3.1/thumb/v7e-m+fp/hard/libgcc.a(_udivmoddi4.o)
                0x0000000008008f6c                __exidx_end = .
                0x0000000008008f6c                . = ALIGN (0x4)

.rel.dyn        0x0000000008008f6c        0x0
 .rel.iplt      0x0000000008008f6c        0x0 /tmp/ccb21mLY.o

.preinit_array  0x0000000008008f6c        0x0
                0x0000000008008f6c                . = ALIGN (0x4)
                0x0000000008008f6c                PROVIDE (__preinit_array_start = .)
 *(.preinit_array*)
                0x0000000008008f6c                PROVIDE (__preinit_array_end = .)
                0x0000000008008f6c                . = ALIGN (0x4)

.init_array     0x0000000008008f6c        0x0
                0x0000000008008f6c                . = ALIGN (0x4)
                0x0000000008008f6c                PROVIDE (__init_array_start = .)
 *(SORT_BY_NAME(.init_array.*))
 *(.init_array*)
                0x0000000008008f6c                PROVIDE (__init_array_end = .)
                0x0000000008008f6c                . = ALIGN (0x4)

.fini_array     0x0000000008008f6c        0x0
                0x0000000008008f6c                . = ALIGN (0x4)
                [!provide]                        PROVIDE (__fini_array_start = .)
 *(SORT_BY_NAME(.fini_array.*))
 *(.fini_array*)
                [!provide]                        PROVIDE (__fini_array_end = .)
                0x0000000008008f6c                . = ALIGN (0x4)
                0x0000000008008f6c                _sidata = LOADADDR (.data)

.data           0x0000000020000000       0x8c load address 0x0000000008008f6c
                0x0000000020000000                . = ALIGN (0x4)
                0x0000000020000000                _sdata = .
 *(.data)
 *(.data*)
 .data.SystemCoreClock
                0x0000000020000000        0x4 /tmp/cc2c64eB.o
                0x0000000020000000                SystemCoreClock
 .data.uwTickFreq
                0x0000000020000004        0x1 /tmp/ccqz48Hc.o
                0x0000000020000004                uwTickFreq
 *fill*         0x0000000020000005        0x3 
 .data.uwTickPrio
                0x0000000020000008        0x4 /tmp/ccqz48Hc.o
                0x0000000020000008                uwTickPrio
 .data.Font12   0x000000002000000c        0x8 /tmp/ccxE3nFN.o
                0x000000002000000c                Font12
 .data.Font24   0x0000000020000014        0x8 /tmp/ccpuaETt.o
                0x0000000020000014                Font24
 .data.Font24CN
                0x000000002000001c        0xc /tmp/cccgA7im.o
                0x000000002000001c                Font24CN
 .data._impure_ptr
                0x0000000020000028        0x4 /usr/local/bin/arm-gnu-toolchain/bin/../lib/gcc/arm-none-eabi/10.3.1/../../../../arm-none-eabi/lib/thumb/v7e-m+fp/hard/libc_nano.a(lib_a-impure.o)
                0x0000000020000028                _impure_ptr
 .data.impure_data
                0x000000002000002c       0x60 /usr/local/bin/arm-gnu-toolchain/bin/../lib/gcc/arm-none-eabi/10.3.1/../../../../arm-none-eabi/lib/thumb/v7e-m+fp/hard/libc_nano.a(lib_a-impure.o)
 *(.RamFunc)
 *(.RamFunc*)
                0x000000002000008c                . = ALIGN (0x4)
                0x000000002000008c                _edata = .

.igot.plt       0x000000002000008c        0x0 load address 0x0000000008008ff8
 .igot.plt      0x000000002000008c        0x0 /tmp/ccb21mLY.o
                0x000000002000008c                . = ALIGN (0x4)

.bss            0x000000002000008c       0xe0 load address 0x0000000008008ff8
                0x000000002000008c                _sbss = .
                0x000000002000008c                __bss_start__ = _sbss
 *(.bss)
 *(.bss*)
 .bss.hspi1     0x000000002000008c       0x58 /tmp/ccviK4Mi.o
                0x000000002000008c                hspi1
 .bss.__sbrk_heap_end
                0x00000000200000e4        0x4 /tmp/cc1s5kJt.o
 .bss.htim2     0x00000000200000e8       0x48 /tmp/ccFis79K.o
                0x00000000200000e8                htim2
 .bss.uwTick    0x0000000020000130        0x4 /tmp/ccqz48Hc.o
                0x0000000020000130                uwTick
 .bss.CLEAR     0x0000000020000134        0x4 /tmp/ccmLvdfN.o
                0x0000000020000134                CLEAR
 .bss.DISPLAY   0x0000000020000138        0x4 /tmp/ccmLvdfN.o
                0x0000000020000138                DISPLAY
 .bss.Paint     0x000000002000013c       0x18 /tmp/ccmLvdfN.o
                0x000000002000013c                Paint
 .bss.LCD_1IN83
                0x0000000020000154        0x6 /tmp/cc78Qneu.o
                0x0000000020000154                LCD_1IN83
 *fill*         0x000000002000015a        0x2 
 .bss.__malloc_free_list
                0x000000002000015c        0x4 /usr/local/bin/arm-gnu-toolchain/bin/../lib/gcc/arm-none-eabi/10.3.1/../../../../arm-none-eabi/lib/thumb/v7e-m+fp/hard/libc_nano.a(lib_a-nano-mallocr.o)
                0x000000002000015c                __malloc_free_list
 .bss.__malloc_sbrk_start
                0x0000000020000160        0x4 /usr/local/bin/arm-gnu-toolchain/bin/../lib/gcc/arm-none-eabi/10.3.1/../../../../arm-none-eabi/lib/thumb/v7e-m+fp/hard/libc_nano.a(lib_a-nano-mallocr.o)
                0x0000000020000160                __malloc_sbrk_start
 .bss.__lock___malloc_recursive_mutex
                0x0000000020000164        0x1 /usr/local/bin/arm-gnu-toolchain/bin/../lib/gcc/arm-none-eabi/10.3.1/../../../../arm-none-eabi/lib/thumb/v7e-m+fp/hard/libc_nano.a(lib_a-lock.o)
                0x0000000020000164                __lock___malloc_recursive_mutex
 .bss.__lock___sfp_recursive_mutex
                0x0000000020000165        0x1 /usr/local/bin/arm-gnu-toolchain/bin/../lib/gcc/arm-none-eabi/10.3.1/../../../../arm-none-eabi/lib/thumb/v7e-m+fp/hard/libc_nano.a(lib_a-lock.o)
                0x0000000020000165                __lock___sfp_recursive_mutex
 .bss.__lock___sinit_recursive_mutex
                0x0000000020000166        0x1 /usr/local/bin/arm-gnu-toolchain/bin/../lib/gcc/arm-none-eabi/10.3.1/../../../../arm-none-eabi/lib/thumb/v7e-m+fp/hard/libc_nano.a(lib_a-lock.o)
                0x0000000020000166                __lock___sinit_recursive_mutex
 *fill*         0x0000000020000167        0x1 
 .bss.errno     0x0000000020000168        0x4 /usr/local/bin/arm-gnu-toolchain/bin/../lib/gcc/arm-none-eabi/10.3.1/../../../../arm-none-eabi/lib/thumb/v7e-m+fp/hard/libc_nano.a(lib_a-reent.o)
                0x0000000020000168                errno
 *(COMMON)
                0x000000002000016c                . = ALIGN (0x4)
                0x000000002000016c                _ebss = .
                0x000000002000016c                __bss_end__ = _ebss

._user_heap_stack
                0x000000002000016c      0x604 load address 0x0000000008008ff8
                0x0000000020000170                . = ALIGN (0x8)
 *fill*         0x000000002000016c        0x4 
                [!provide]                        PROVIDE (end = .)
                0x0000000020000170                PROVIDE (_end = .)
                0x0000000020000370                . = (. + _Min_Heap_Size)
 *fill*         0x0000000020000170      0x200 
                0x0000000020000770                . = (. + _Min_Stack_Size)
 *fill*         0x0000000020000370      0x400 
                0x0000000020000770                . = ALIGN (0x8)

/DISCARD/
 libc.a(*)
 libm.a(*)
 libgcc.a(*)

.ARM.attributes
                0x0000000000000000       0x32
 *(.ARM.attributes)
 .ARM.attributes
                0x0000000000000000       0x34 /tmp/ccb21mLY.o
 .ARM.attributes
                0x0000000000000034       0x34 /tmp/ccNwzi6V.o
 .ARM.attributes
                0x0000000000000068       0x34 /tmp/ccviK4Mi.o
 .ARM.attributes
                0x000000000000009c       0x34 /tmp/ccbzucIw.o
 .ARM.attributes
                0x00000000000000d0       0x34 /tmp/ccq6UW7b.o
 .ARM.attributes
                0x0000000000000104       0x34 /tmp/ccoNhb1r.o
 .ARM.attributes
                0x0000000000000138       0x34 /tmp/cc1s5kJt.o
 .ARM.attributes
                0x000000000000016c       0x34 /tmp/cc2c64eB.o
 .ARM.attributes
                0x00000000000001a0       0x34 /tmp/ccFis79K.o
 .ARM.attributes
                0x00000000000001d4       0x34 /tmp/ccqz48Hc.o
 .ARM.attributes
                0x0000000000000208       0x34 /tmp/cc6Tr7Ya.o
 .ARM.attributes
                0x000000000000023c       0x34 /tmp/cc9ol1Iv.o
 .ARM.attributes
                0x0000000000000270       0x34 /tmp/ccAVzQUy.o
 .ARM.attributes
                0x00000000000002a4       0x34 /tmp/ccV40oeb.o
 .ARM.attributes
                0x00000000000002d8       0x34 /tmp/ccMz2wS3.o
 .ARM.attributes
                0x000000000000030c       0x34 /tmp/ccYmoCzS.o
 .ARM.attributes
                0x0000000000000340       0x34 /tmp/ccXlMhsw.o
 .ARM.attributes
                0x0000000000000374       0x34 /tmp/cc81lcMD.o
 .ARM.attributes
                0x00000000000003a8       0x34 /tmp/ccxE3nFN.o
 .ARM.attributes
                0x00000000000003dc       0x34 /tmp/ccpuaETt.o
 .ARM.attributes
                0x0000000000000410       0x34 /tmp/cccgA7im.o
 .ARM.attributes
                0x0000000000000444       0x34 /tmp/ccmLvdfN.o
 .ARM.attributes
                0x0000000000000478       0x34 /tmp/ccVWmoLq.o
 .ARM.attributes
                0x00000000000004ac       0x34 /tmp/cc78Qneu.o
 .ARM.attributes
                0x00000000000004e0       0x21 /tmp/cc6ZThmB.o
 .ARM.attributes
                0x0000000000000501       0x34 /usr/local/bin/arm-gnu-toolchain/bin/../lib/gcc/arm-none-eabi/10.3.1/../../../../arm-none-eabi/lib/thumb/v7e-m+fp/hard/libc_nano.a(lib_a-errno.o)
 .ARM.attributes
                0x0000000000000535       0x34 /usr/local/bin/arm-gnu-toolchain/bin/../lib/gcc/arm-none-eabi/10.3.1/../../../../arm-none-eabi/lib/thumb/v7e-m+fp/hard/libc_nano.a(lib_a-impure.o)
 .ARM.attributes
                0x0000000000000569       0x34 /usr/local/bin/arm-gnu-toolchain/bin/../lib/gcc/arm-none-eabi/10.3.1/../../../../arm-none-eabi/lib/thumb/v7e-m+fp/hard/libc_nano.a(lib_a-init.o)
 .ARM.attributes
                0x000000000000059d       0x34 /usr/local/bin/arm-gnu-toolchain/bin/../lib/gcc/arm-none-eabi/10.3.1/../../../../arm-none-eabi/lib/thumb/v7e-m+fp/hard/libc_nano.a(lib_a-malloc.o)
 .ARM.attributes
                0x00000000000005d1       0x34 /usr/local/bin/arm-gnu-toolchain/bin/../lib/gcc/arm-none-eabi/10.3.1/../../../../arm-none-eabi/lib/thumb/v7e-m+fp/hard/libc_nano.a(lib_a-memcpy-stub.o)
 .ARM.attributes
                0x0000000000000605       0x34 /usr/local/bin/arm-gnu-toolchain/bin/../lib/gcc/arm-none-eabi/10.3.1/../../../../arm-none-eabi/lib/thumb/v7e-m+fp/hard/libc_nano.a(lib_a-memset.o)
 .ARM.attributes
                0x0000000000000639       0x34 /usr/local/bin/arm-gnu-toolchain/bin/../lib/gcc/arm-none-eabi/10.3.1/../../../../arm-none-eabi/lib/thumb/v7e-m+fp/hard/libc_nano.a(lib_a-nano-freer.o)
 .ARM.attributes
                0x000000000000066d       0x34 /usr/local/bin/arm-gnu-toolchain/bin/../lib/gcc/arm-none-eabi/10.3.1/../../../../arm-none-eabi/lib/thumb/v7e-m+fp/hard/libc_nano.a(lib_a-nano-mallocr.o)
 .ARM.attributes
                0x00000000000006a1       0x34 /usr/local/bin/arm-gnu-toolchain/bin/../lib/gcc/arm-none-eabi/10.3.1/../../../../arm-none-eabi/lib/thumb/v7e-m+fp/hard/libc_nano.a(lib_a-printf.o)
 .ARM.attributes
                0x00000000000006d5       0x34 /usr/local/bin/arm-gnu-toolchain/bin/../lib/gcc/arm-none-eabi/10.3.1/../../../../arm-none-eabi/lib/thumb/v7e-m+fp/hard/libc_nano.a(lib_a-puts.o)
 .ARM.attributes
                0x0000000000000709       0x34 /usr/local/bin/arm-gnu-toolchain/bin/../lib/gcc/arm-none-eabi/10.3.1/../../../../arm-none-eabi/lib/thumb/v7e-m+fp/hard/libc_nano.a(lib_a-sbrkr.o)
 .ARM.attributes
                0x000000000000073d       0x34 /usr/local/bin/arm-gnu-toolchain/bin/../lib/gcc/arm-none-eabi/10.3.1/../../../../arm-none-eabi/lib/thumb/v7e-m+fp/hard/libc_nano.a(lib_a-sprintf.o)
 .ARM.attributes
                0x0000000000000771       0x17 /usr/local/bin/arm-gnu-toolchain/bin/../lib/gcc/arm-none-eabi/10.3.1/../../../../arm-none-eabi/lib/thumb/v7e-m+fp/hard/libc_nano.a(lib_a-strlen.o)
 .ARM.attributes
                0x0000000000000788       0x34 /usr/local/bin/arm-gnu-toolchain/bin/../lib/gcc/arm-none-eabi/10.3.1/../../../../arm-none-eabi/lib/thumb/v7e-m+fp/hard/libc_nano.a(lib_a-wbuf.o)
 .ARM.attributes
                0x00000000000007bc       0x34 /usr/local/bin/arm-gnu-toolchain/bin/../lib/gcc/arm-none-eabi/10.3.1/../../../../arm-none-eabi/lib/thumb/v7e-m+fp/hard/libc_nano.a(lib_a-wsetup.o)
 .ARM.attributes
                0x00000000000007f0       0x34 /usr/local/bin/arm-gnu-toolchain/bin/../lib/gcc/arm-none-eabi/10.3.1/../../../../arm-none-eabi/lib/thumb/v7e-m+fp/hard/libc_nano.a(lib_a-fflush.o)
 .ARM.attributes
                0x0000000000000824       0x34 /usr/local/bin/arm-gnu-toolchain/bin/../lib/gcc/arm-none-eabi/10.3.1/../../../../arm-none-eabi/lib/thumb/v7e-m+fp/hard/libc_nano.a(lib_a-findfp.o)
 .ARM.attributes
                0x0000000000000858       0x34 /usr/local/bin/arm-gnu-toolchain/bin/../lib/gcc/arm-none-eabi/10.3.1/../../../../arm-none-eabi/lib/thumb/v7e-m+fp/hard/libc_nano.a(lib_a-fwalk.o)
 .ARM.attributes
                0x000000000000088c       0x34 /usr/local/bin/arm-gnu-toolchain/bin/../lib/gcc/arm-none-eabi/10.3.1/../../../../arm-none-eabi/lib/thumb/v7e-m+fp/hard/libc_nano.a(lib_a-lock.o)
 .ARM.attributes
                0x00000000000008c0       0x34 /usr/local/bin/arm-gnu-toolchain/bin/../lib/gcc/arm-none-eabi/10.3.1/../../../../arm-none-eabi/lib/thumb/v7e-m+fp/hard/libc_nano.a(lib_a-makebuf.o)
 .ARM.attributes
                0x00000000000008f4       0x34 /usr/local/bin/arm-gnu-toolchain/bin/../lib/gcc/arm-none-eabi/10.3.1/../../../../arm-none-eabi/lib/thumb/v7e-m+fp/hard/libc_nano.a(lib_a-mlock.o)
 .ARM.attributes
                0x0000000000000928       0x34 /usr/local/bin/arm-gnu-toolchain/bin/../lib/gcc/arm-none-eabi/10.3.1/../../../../arm-none-eabi/lib/thumb/v7e-m+fp/hard/libc_nano.a(lib_a-nano-svfprintf.o)
 .ARM.attributes
                0x000000000000095c       0x34 /usr/local/bin/arm-gnu-toolchain/bin/../lib/gcc/arm-none-eabi/10.3.1/../../../../arm-none-eabi/lib/thumb/v7e-m+fp/hard/libc_nano.a(lib_a-nano-vfprintf.o)
 .ARM.attributes
                0x0000000000000990       0x34 /usr/local/bin/arm-gnu-toolchain/bin/../lib/gcc/arm-none-eabi/10.3.1/../../../../arm-none-eabi/lib/thumb/v7e-m+fp/hard/libc_nano.a(lib_a-nano-vfprintf_i.o)
 .ARM.attributes
                0x00000000000009c4       0x34 /usr/local/bin/arm-gnu-toolchain/bin/../lib/gcc/arm-none-eabi/10.3.1/../../../../arm-none-eabi/lib/thumb/v7e-m+fp/hard/libc_nano.a(lib_a-reent.o)
 .ARM.attributes
                0x00000000000009f8       0x34 /usr/local/bin/arm-gnu-toolchain/bin/../lib/gcc/arm-none-eabi/10.3.1/../../../../arm-none-eabi/lib/thumb/v7e-m+fp/hard/libc_nano.a(lib_a-stdio.o)
 .ARM.attributes
                0x0000000000000a2c       0x34 /usr/local/bin/arm-gnu-toolchain/bin/../lib/gcc/arm-none-eabi/10.3.1/../../../../arm-none-eabi/lib/thumb/v7e-m+fp/hard/libc_nano.a(lib_a-writer.o)
 .ARM.attributes
                0x0000000000000a60       0x34 /usr/local/bin/arm-gnu-toolchain/bin/../lib/gcc/arm-none-eabi/10.3.1/../../../../arm-none-eabi/lib/thumb/v7e-m+fp/hard/libc_nano.a(lib_a-closer.o)
 .ARM.attributes
                0x0000000000000a94       0x34 /usr/local/bin/arm-gnu-toolchain/bin/../lib/gcc/arm-none-eabi/10.3.1/../../../../arm-none-eabi/lib/thumb/v7e-m+fp/hard/libc_nano.a(lib_a-fstatr.o)
 .ARM.attributes
                0x0000000000000ac8       0x34 /usr/local/bin/arm-gnu-toolchain/bin/../lib/gcc/arm-none-eabi/10.3.1/../../../../arm-none-eabi/lib/thumb/v7e-m+fp/hard/libc_nano.a(lib_a-isattyr.o)
 .ARM.attributes
                0x0000000000000afc       0x34 /usr/local/bin/arm-gnu-toolchain/bin/../lib/gcc/arm-none-eabi/10.3.1/../../../../arm-none-eabi/lib/thumb/v7e-m+fp/hard/libc_nano.a(lib_a-lseekr.o)
 .ARM.attributes
                0x0000000000000b30       0x1c /usr/local/bin/arm-gnu-toolchain/bin/../lib/gcc/arm-none-eabi/10.3.1/../../../../arm-none-eabi/lib/thumb/v7e-m+fp/hard/libc_nano.a(lib_a-memchr.o)
 .ARM.attributes
                0x0000000000000b4c       0x34 /usr/local/bin/arm-gnu-toolchain/bin/../lib/gcc/arm-none-eabi/10.3.1/../../../../arm-none-eabi/lib/thumb/v7e-m+fp/hard/libc_nano.a(lib_a-memmove.o)
 .ARM.attributes
                0x0000000000000b80       0x34 /usr/local/bin/arm-gnu-toolchain/bin/../lib/gcc/arm-none-eabi/10.3.1/../../../../arm-none-eabi/lib/thumb/v7e-m+fp/hard/libc_nano.a(lib_a-nano-reallocr.o)
 .ARM.attributes
                0x0000000000000bb4       0x34 /usr/local/bin/arm-gnu-toolchain/bin/../lib/gcc/arm-none-eabi/10.3.1/../../../../arm-none-eabi/lib/thumb/v7e-m+fp/hard/libc_nano.a(lib_a-readr.o)
 .ARM.attributes
                0x0000000000000be8       0x34 /usr/local/bin/arm-gnu-toolchain/bin/../lib/gcc/arm-none-eabi/10.3.1/../../../../arm-none-eabi/lib/thumb/v7e-m+fp/hard/libc_nano.a(lib_a-nano-msizer.o)
 .ARM.attributes
                0x0000000000000c1c       0x1e /usr/local/bin/arm-gnu-toolchain/bin/../lib/gcc/arm-none-eabi/10.3.1/thumb/v7e-m+fp/hard/libgcc.a(_aeabi_uldivmod.o)
 .ARM.attributes
                0x0000000000000c3a       0x34 /usr/local/bin/arm-gnu-toolchain/bin/../lib/gcc/arm-none-eabi/10.3.1/thumb/v7e-m+fp/hard/libgcc.a(_udivmoddi4.o)
 .ARM.attributes
                0x0000000000000c6e       0x1e /usr/local/bin/arm-gnu-toolchain/bin/../lib/gcc/arm-none-eabi/10.3.1/thumb/v7e-m+fp/hard/libgcc.a(_dvmd_tls.o)
OUTPUT(firmware.elf elf32-littlearm)
LOAD linker stubs
LOAD /usr/local/bin/arm-gnu-toolchain/bin/../lib/gcc/arm-none-eabi/10.3.1/../../../../arm-none-eabi/lib/thumb/v7e-m+fp/hard/libc.a
LOAD /usr/local/bin/arm-gnu-toolchain/bin/../lib/gcc/arm-none-eabi/10.3.1/../../../../arm-none-eabi/lib/thumb/v7e-m+fp/hard/libm.a
LOAD /usr/local/bin/arm-gnu-toolchain/bin/../lib/gcc/arm-none-eabi/10.3.1/thumb/v7e-m+fp/hard/libgcc.a

.debug_info     0x0000000000000000    0x128cb
 .debug_info    0x0000000000000000      0x4e4 /tmp/ccb21mLY.o
 .debug_info    0x00000000000004e4      0x649 /tmp/ccNwzi6V.o
 .debug_info    0x0000000000000b2d      0xa70 /tmp/ccviK4Mi.o
 .debug_info    0x000000000000159d      0x2d0 /tmp/ccbzucIw.o
 .debug_info    0x000000000000186d      0x125 /tmp/ccq6UW7b.o
 .debug_info    0x0000000000001992      0x7e6 /tmp/ccoNhb1r.o
 .debug_info    0x0000000000002178      0x178 /tmp/cc1s5kJt.o
 .debug_info    0x00000000000022f0      0x561 /tmp/cc2c64eB.o
 .debug_info    0x0000000000002851      0xc6d /tmp/ccFis79K.o
 .debug_info    0x00000000000034be      0x9b9 /tmp/ccqz48Hc.o
 .debug_info    0x0000000000003e77     0x1042 /tmp/cc6Tr7Ya.o
 .debug_info    0x0000000000004eb9      0x7d4 /tmp/cc9ol1Iv.o
 .debug_info    0x000000000000568d      0xb99 /tmp/ccAVzQUy.o
 .debug_info    0x0000000000006226     0x1e5e /tmp/ccV40oeb.o
 .debug_info    0x0000000000008084     0x42e4 /tmp/ccMz2wS3.o
 .debug_info    0x000000000000c368     0x1925 /tmp/ccYmoCzS.o
 .debug_info    0x000000000000dc8d      0xbbf /tmp/ccXlMhsw.o
 .debug_info    0x000000000000e84c      0x742 /tmp/cc81lcMD.o
 .debug_info    0x000000000000ef8e      0x12e /tmp/ccxE3nFN.o
 .debug_info    0x000000000000f0bc      0x12e /tmp/ccpuaETt.o
 .debug_info    0x000000000000f1ea      0x185 /tmp/cccgA7im.o
 .debug_info    0x000000000000f36f     0x1daa /tmp/ccmLvdfN.o
 .debug_info    0x0000000000011119       0xae /tmp/ccVWmoLq.o
 .debug_info    0x00000000000111c7     0x16e2 /tmp/cc78Qneu.o
 .debug_info    0x00000000000128a9       0x22 /tmp/cc6ZThmB.o

.debug_abbrev   0x0000000000000000     0x2d85
 .debug_abbrev  0x0000000000000000      0x16b /tmp/ccb21mLY.o
 .debug_abbrev  0x000000000000016b      0x209 /tmp/ccNwzi6V.o
 .debug_abbrev  0x0000000000000374      0x208 /tmp/ccviK4Mi.o
 .debug_abbrev  0x000000000000057c       0xd2 /tmp/ccbzucIw.o
 .debug_abbrev  0x000000000000064e       0xb8 /tmp/ccq6UW7b.o
 .debug_abbrev  0x0000000000000706      0x1e7 /tmp/ccoNhb1r.o
 .debug_abbrev  0x00000000000008ed       0xea /tmp/cc1s5kJt.o
 .debug_abbrev  0x00000000000009d7      0x11c /tmp/cc2c64eB.o
 .debug_abbrev  0x0000000000000af3      0x212 /tmp/ccFis79K.o
 .debug_abbrev  0x0000000000000d05      0x29c /tmp/ccqz48Hc.o
 .debug_abbrev  0x0000000000000fa1      0x369 /tmp/cc6Tr7Ya.o
 .debug_abbrev  0x000000000000130a      0x1f0 /tmp/cc9ol1Iv.o
 .debug_abbrev  0x00000000000014fa      0x30f /tmp/ccAVzQUy.o
 .debug_abbrev  0x0000000000001809      0x33d /tmp/ccV40oeb.o
 .debug_abbrev  0x0000000000001b46      0x35b /tmp/ccMz2wS3.o
 .debug_abbrev  0x0000000000001ea1      0x2d2 /tmp/ccYmoCzS.o
 .debug_abbrev  0x0000000000002173      0x208 /tmp/ccXlMhsw.o
 .debug_abbrev  0x000000000000237b      0x132 /tmp/cc81lcMD.o
 .debug_abbrev  0x00000000000024ad       0xb1 /tmp/ccxE3nFN.o
 .debug_abbrev  0x000000000000255e       0xb1 /tmp/ccpuaETt.o
 .debug_abbrev  0x000000000000260f       0xaf /tmp/cccgA7im.o
 .debug_abbrev  0x00000000000026be      0x390 /tmp/ccmLvdfN.o
 .debug_abbrev  0x0000000000002a4e       0x71 /tmp/ccVWmoLq.o
 .debug_abbrev  0x0000000000002abf      0x2b4 /tmp/cc78Qneu.o
 .debug_abbrev  0x0000000000002d73       0x12 /tmp/cc6ZThmB.o

.debug_aranges  0x0000000000000000      0xbd0
 .debug_aranges
                0x0000000000000000       0x20 /tmp/ccb21mLY.o
 .debug_aranges
                0x0000000000000020       0x30 /tmp/ccNwzi6V.o
 .debug_aranges
                0x0000000000000050       0x30 /tmp/ccviK4Mi.o
 .debug_aranges
                0x0000000000000080       0x20 /tmp/ccbzucIw.o
 .debug_aranges
                0x00000000000000a0       0x50 /tmp/ccq6UW7b.o
 .debug_aranges
                0x00000000000000f0       0xa8 /tmp/ccoNhb1r.o
 .debug_aranges
                0x0000000000000198       0x20 /tmp/cc1s5kJt.o
 .debug_aranges
                0x00000000000001b8       0x28 /tmp/cc2c64eB.o
 .debug_aranges
                0x00000000000001e0       0x38 /tmp/ccFis79K.o
 .debug_aranges
                0x0000000000000218       0xe8 /tmp/ccqz48Hc.o
 .debug_aranges
                0x0000000000000300       0xc0 /tmp/cc6Tr7Ya.o
 .debug_aranges
                0x00000000000003c0       0x58 /tmp/cc9ol1Iv.o
 .debug_aranges
                0x0000000000000418       0x88 /tmp/ccAVzQUy.o
 .debug_aranges
                0x00000000000004a0      0x188 /tmp/ccV40oeb.o
 .debug_aranges
                0x0000000000000628      0x298 /tmp/ccMz2wS3.o
 .debug_aranges
                0x00000000000008c0      0x118 /tmp/ccYmoCzS.o
 .debug_aranges
                0x00000000000009d8       0x38 /tmp/ccXlMhsw.o
 .debug_aranges
                0x0000000000000a10       0x20 /tmp/cc81lcMD.o
 .debug_aranges
                0x0000000000000a30       0x18 /tmp/ccxE3nFN.o
 .debug_aranges
                0x0000000000000a48       0x18 /tmp/ccpuaETt.o
 .debug_aranges
                0x0000000000000a60       0x18 /tmp/cccgA7im.o
 .debug_aranges
                0x0000000000000a78       0xb0 /tmp/ccmLvdfN.o
 .debug_aranges
                0x0000000000000b28       0x18 /tmp/ccVWmoLq.o
 .debug_aranges
                0x0000000000000b40       0x68 /tmp/cc78Qneu.o
 .debug_aranges
                0x0000000000000ba8       0x28 /tmp/cc6ZThmB.o

.debug_ranges   0x0000000000000000      0xf30
 .debug_ranges  0x0000000000000000       0x40 /tmp/ccb21mLY.o
 .debug_ranges  0x0000000000000040       0x68 /tmp/ccNwzi6V.o
 .debug_ranges  0x00000000000000a8       0x38 /tmp/ccviK4Mi.o
 .debug_ranges  0x00000000000000e0       0x28 /tmp/ccbzucIw.o
 .debug_ranges  0x0000000000000108       0x40 /tmp/ccq6UW7b.o
 .debug_ranges  0x0000000000000148       0xb0 /tmp/ccoNhb1r.o
 .debug_ranges  0x00000000000001f8       0x10 /tmp/cc1s5kJt.o
 .debug_ranges  0x0000000000000208       0x18 /tmp/cc2c64eB.o
 .debug_ranges  0x0000000000000220       0x40 /tmp/ccFis79K.o
 .debug_ranges  0x0000000000000260       0xd8 /tmp/ccqz48Hc.o
 .debug_ranges  0x0000000000000338      0x168 /tmp/cc6Tr7Ya.o
 .debug_ranges  0x00000000000004a0       0x68 /tmp/cc9ol1Iv.o
 .debug_ranges  0x0000000000000508       0xb0 /tmp/ccAVzQUy.o
 .debug_ranges  0x00000000000005b8      0x238 /tmp/ccV40oeb.o
 .debug_ranges  0x00000000000007f0      0x3c8 /tmp/ccMz2wS3.o
 .debug_ranges  0x0000000000000bb8      0x108 /tmp/ccYmoCzS.o
 .debug_ranges  0x0000000000000cc0       0x28 /tmp/ccXlMhsw.o
 .debug_ranges  0x0000000000000ce8       0x10 /tmp/cc81lcMD.o
 .debug_ranges  0x0000000000000cf8      0x150 /tmp/ccmLvdfN.o
 .debug_ranges  0x0000000000000e48       0xc8 /tmp/cc78Qneu.o
 .debug_ranges  0x0000000000000f10       0x20 /tmp/cc6ZThmB.o

.debug_macro    0x0000000000000000    0x187aa
 .debug_macro   0x0000000000000000      0x1e2 /tmp/ccb21mLY.o
 .debug_macro   0x00000000000001e2      0xa72 /tmp/ccb21mLY.o
 .debug_macro   0x0000000000000c54      0x29b /tmp/ccb21mLY.o
 .debug_macro   0x0000000000000eef       0x2e /tmp/ccb21mLY.o
 .debug_macro   0x0000000000000f1d       0x28 /tmp/ccb21mLY.o
 .debug_macro   0x0000000000000f45       0x22 /tmp/ccb21mLY.o
 .debug_macro   0x0000000000000f67       0x8e /tmp/ccb21mLY.o
 .debug_macro   0x0000000000000ff5       0x51 /tmp/ccb21mLY.o
 .debug_macro   0x0000000000001046      0x103 /tmp/ccb21mLY.o
 .debug_macro   0x0000000000001149       0x6a /tmp/ccb21mLY.o
 .debug_macro   0x00000000000011b3      0x1df /tmp/ccb21mLY.o
 .debug_macro   0x0000000000001392       0x1c /tmp/ccb21mLY.o
 .debug_macro   0x00000000000013ae       0x22 /tmp/ccb21mLY.o
 .debug_macro   0x00000000000013d0       0xfb /tmp/ccb21mLY.o
 .debug_macro   0x00000000000014cb     0x1011 /tmp/ccb21mLY.o
 .debug_macro   0x00000000000024dc      0x11f /tmp/ccb21mLY.o
 .debug_macro   0x00000000000025fb     0xb953 /tmp/ccb21mLY.o
 .debug_macro   0x000000000000df4e       0x6d /tmp/ccb21mLY.o
 .debug_macro   0x000000000000dfbb     0x369a /tmp/ccb21mLY.o
 .debug_macro   0x0000000000011655      0x174 /tmp/ccb21mLY.o
 .debug_macro   0x00000000000117c9       0x5c /tmp/ccb21mLY.o
 .debug_macro   0x0000000000011825      0x45c /tmp/ccb21mLY.o
 .debug_macro   0x0000000000011c81      0x9e9 /tmp/ccb21mLY.o
 .debug_macro   0x000000000001266a      0x115 /tmp/ccb21mLY.o
 .debug_macro   0x000000000001277f      0x11b /tmp/ccb21mLY.o
 .debug_macro   0x000000000001289a       0xa5 /tmp/ccb21mLY.o
 .debug_macro   0x000000000001293f      0x15f /tmp/ccb21mLY.o
 .debug_macro   0x0000000000012a9e      0x287 /tmp/ccb21mLY.o
 .debug_macro   0x0000000000012d25       0x5f /tmp/ccb21mLY.o
 .debug_macro   0x0000000000012d84      0x236 /tmp/ccb21mLY.o
 .debug_macro   0x0000000000012fba      0x132 /tmp/ccb21mLY.o
 .debug_macro   0x00000000000130ec      0x264 /tmp/ccb21mLY.o
 .debug_macro   0x0000000000013350       0x2e /tmp/ccb21mLY.o
 .debug_macro   0x000000000001337e      0x127 /tmp/ccb21mLY.o
 .debug_macro   0x00000000000134a5       0x85 /tmp/ccb21mLY.o
 .debug_macro   0x000000000001352a       0x89 /tmp/ccb21mLY.o
 .debug_macro   0x00000000000135b3      0x225 /tmp/ccb21mLY.o
 .debug_macro   0x00000000000137d8      0x8ed /tmp/ccb21mLY.o
 .debug_macro   0x00000000000140c5       0x47 /tmp/ccb21mLY.o
 .debug_macro   0x000000000001410c      0x126 /tmp/ccb21mLY.o
 .debug_macro   0x0000000000014232       0x28 /tmp/ccb21mLY.o
 .debug_macro   0x000000000001425a      0x3cb /tmp/ccNwzi6V.o
 .debug_macro   0x0000000000014625       0x52 /tmp/ccNwzi6V.o
 .debug_macro   0x0000000000014677       0x1e /tmp/ccNwzi6V.o
 .debug_macro   0x0000000000014695       0x3c /tmp/ccNwzi6V.o
 .debug_macro   0x00000000000146d1       0x34 /tmp/ccNwzi6V.o
 .debug_macro   0x0000000000014705       0x16 /tmp/ccNwzi6V.o
 .debug_macro   0x000000000001471b       0x35 /tmp/ccNwzi6V.o
 .debug_macro   0x0000000000014750      0x341 /tmp/ccNwzi6V.o
 .debug_macro   0x0000000000014a91       0x10 /tmp/ccNwzi6V.o
 .debug_macro   0x0000000000014aa1       0x16 /tmp/ccNwzi6V.o
 .debug_macro   0x0000000000014ab7       0x43 /tmp/ccNwzi6V.o
 .debug_macro   0x0000000000014afa       0x34 /tmp/ccNwzi6V.o
 .debug_macro   0x0000000000014b2e       0x10 /tmp/ccNwzi6V.o
 .debug_macro   0x0000000000014b3e       0x58 /tmp/ccNwzi6V.o
 .debug_macro   0x0000000000014b96       0x71 /tmp/ccNwzi6V.o
 .debug_macro   0x0000000000014c07       0x1c /tmp/ccNwzi6V.o
 .debug_macro   0x0000000000014c23      0x12a /tmp/ccNwzi6V.o
 .debug_macro   0x0000000000014d4d       0x10 /tmp/ccNwzi6V.o
 .debug_macro   0x0000000000014d5d       0x1c /tmp/ccNwzi6V.o
 .debug_macro   0x0000000000014d79       0x52 /tmp/ccNwzi6V.o
 .debug_macro   0x0000000000014dcb       0x22 /tmp/ccNwzi6V.o
 .debug_macro   0x0000000000014ded       0x10 /tmp/ccNwzi6V.o
 .debug_macro   0x0000000000014dfd       0x52 /tmp/ccNwzi6V.o
 .debug_macro   0x0000000000014e4f       0xd5 /tmp/ccNwzi6V.o
 .debug_macro   0x0000000000014f24       0x1c /tmp/ccNwzi6V.o
 .debug_macro   0x0000000000014f40       0x3d /tmp/ccNwzi6V.o
 .debug_macro   0x0000000000014f7d       0x16 /tmp/ccNwzi6V.o
 .debug_macro   0x0000000000014f93      0x145 /tmp/ccNwzi6V.o
 .debug_macro   0x00000000000150d8       0x16 /tmp/ccNwzi6V.o
 .debug_macro   0x00000000000150ee       0x4c /tmp/ccNwzi6V.o
 .debug_macro   0x000000000001513a       0x1c /tmp/ccNwzi6V.o
 .debug_macro   0x0000000000015156       0xc9 /tmp/ccNwzi6V.o
 .debug_macro   0x000000000001521f       0x16 /tmp/ccNwzi6V.o
 .debug_macro   0x0000000000015235       0x16 /tmp/ccNwzi6V.o
 .debug_macro   0x000000000001524b       0x29 /tmp/ccNwzi6V.o
 .debug_macro   0x0000000000015274      0x1e2 /tmp/ccviK4Mi.o
 .debug_macro   0x0000000000015456      0x1d8 /tmp/ccbzucIw.o
 .debug_macro   0x000000000001562e      0x1e2 /tmp/ccq6UW7b.o
 .debug_macro   0x0000000000015810      0x24c /tmp/ccoNhb1r.o
 .debug_macro   0x0000000000015a5c       0x4c /tmp/ccoNhb1r.o
 .debug_macro   0x0000000000015aa8       0x94 /tmp/ccoNhb1r.o
 .debug_macro   0x0000000000015b3c       0x57 /tmp/ccoNhb1r.o
 .debug_macro   0x0000000000015b93       0x10 /tmp/ccoNhb1r.o
 .debug_macro   0x0000000000015ba3       0x10 /tmp/ccoNhb1r.o
 .debug_macro   0x0000000000015bb3       0x10 /tmp/ccoNhb1r.o
 .debug_macro   0x0000000000015bc3       0x35 /tmp/ccoNhb1r.o
 .debug_macro   0x0000000000015bf8      0x12c /tmp/ccoNhb1r.o
 .debug_macro   0x0000000000015d24       0x10 /tmp/ccoNhb1r.o
 .debug_macro   0x0000000000015d34      0x241 /tmp/ccoNhb1r.o
 .debug_macro   0x0000000000015f75       0x1c /tmp/ccoNhb1r.o
 .debug_macro   0x0000000000015f91       0x10 /tmp/ccoNhb1r.o
 .debug_macro   0x0000000000015fa1      0x189 /tmp/ccoNhb1r.o
 .debug_macro   0x000000000001612a       0x16 /tmp/ccoNhb1r.o
 .debug_macro   0x0000000000016140       0xce /tmp/ccoNhb1r.o
 .debug_macro   0x000000000001620e       0xff /tmp/cc1s5kJt.o
 .debug_macro   0x000000000001630d      0x23b /tmp/cc1s5kJt.o
 .debug_macro   0x0000000000016548       0xda /tmp/cc2c64eB.o
 .debug_macro   0x0000000000016622      0x1e2 /tmp/ccFis79K.o
 .debug_macro   0x0000000000016804      0x229 /tmp/ccqz48Hc.o
 .debug_macro   0x0000000000016a2d      0x1c9 /tmp/cc6Tr7Ya.o
 .debug_macro   0x0000000000016bf6      0x1cf /tmp/cc9ol1Iv.o
 .debug_macro   0x0000000000016dc5      0x1ed /tmp/ccAVzQUy.o
 .debug_macro   0x0000000000016fb2      0x1d8 /tmp/ccV40oeb.o
 .debug_macro   0x000000000001718a      0x1ca /tmp/ccMz2wS3.o
 .debug_macro   0x0000000000017354      0x1c9 /tmp/ccYmoCzS.o
 .debug_macro   0x000000000001751d      0x361 /tmp/ccXlMhsw.o
 .debug_macro   0x000000000001787e       0x2e /tmp/ccXlMhsw.o
 .debug_macro   0x00000000000178ac      0x3ce /tmp/cc81lcMD.o
 .debug_macro   0x0000000000017c7a       0x46 /tmp/cc81lcMD.o
 .debug_macro   0x0000000000017cc0       0x6c /tmp/ccxE3nFN.o
 .debug_macro   0x0000000000017d2c       0x6c /tmp/ccpuaETt.o
 .debug_macro   0x0000000000017d98       0x6c /tmp/cccgA7im.o
 .debug_macro   0x0000000000017e04      0x3f6 /tmp/ccmLvdfN.o
 .debug_macro   0x00000000000181fa       0x16 /tmp/ccmLvdfN.o
 .debug_macro   0x0000000000018210      0x19b /tmp/ccmLvdfN.o
 .debug_macro   0x00000000000183ab       0x1b /tmp/ccVWmoLq.o
 .debug_macro   0x00000000000183c6      0x3a4 /tmp/cc78Qneu.o
 .debug_macro   0x000000000001876a       0x40 /tmp/cc78Qneu.o

.debug_line     0x0000000000000000    0x11632
 .debug_line    0x0000000000000000      0x55a /tmp/ccb21mLY.o
 .debug_line    0x000000000000055a      0x84c /tmp/ccNwzi6V.o
 .debug_line    0x0000000000000da6      0x5dd /tmp/ccviK4Mi.o
 .debug_line    0x0000000000001383      0x50d /tmp/ccbzucIw.o
 .debug_line    0x0000000000001890      0x5d0 /tmp/ccq6UW7b.o
 .debug_line    0x0000000000001e60      0x670 /tmp/ccoNhb1r.o
 .debug_line    0x00000000000024d0      0x2ce /tmp/cc1s5kJt.o
 .debug_line    0x000000000000279e      0x333 /tmp/cc2c64eB.o
 .debug_line    0x0000000000002ad1      0x632 /tmp/ccFis79K.o
 .debug_line    0x0000000000003103      0x872 /tmp/ccqz48Hc.o
 .debug_line    0x0000000000003975      0xb11 /tmp/cc6Tr7Ya.o
 .debug_line    0x0000000000004486      0xa55 /tmp/cc9ol1Iv.o
 .debug_line    0x0000000000004edb      0xe14 /tmp/ccAVzQUy.o
 .debug_line    0x0000000000005cef     0x280c /tmp/ccV40oeb.o
 .debug_line    0x00000000000084fb     0x43f4 /tmp/ccMz2wS3.o
 .debug_line    0x000000000000c8ef     0x1889 /tmp/ccYmoCzS.o
 .debug_line    0x000000000000e178      0x6f3 /tmp/ccXlMhsw.o
 .debug_line    0x000000000000e86b      0x790 /tmp/cc81lcMD.o
 .debug_line    0x000000000000effb      0x1a1 /tmp/ccxE3nFN.o
 .debug_line    0x000000000000f19c      0x1a1 /tmp/ccpuaETt.o
 .debug_line    0x000000000000f33d      0x1a3 /tmp/cccgA7im.o
 .debug_line    0x000000000000f4e0     0x14f6 /tmp/ccmLvdfN.o
 .debug_line    0x00000000000109d6       0x40 /tmp/ccVWmoLq.o
 .debug_line    0x0000000000010a16      0xba3 /tmp/cc78Qneu.o
 .debug_line    0x00000000000115b9       0x79 /tmp/cc6ZThmB.o

.debug_str      0x0000000000000000    0x904d5
 .debug_str     0x0000000000000000    0x864bb /tmp/ccb21mLY.o
                                      0x86746 (size before relaxing)
 .debug_str     0x00000000000864bb     0x447e /tmp/ccNwzi6V.o
                                      0x8ab10 (size before relaxing)
 .debug_str     0x000000000008a939      0x42e /tmp/ccviK4Mi.o
                                      0x86bce (size before relaxing)
 .debug_str     0x000000000008ad67       0x2f /tmp/ccbzucIw.o
                                      0x86671 (size before relaxing)
 .debug_str     0x000000000008ad96       0xcc /tmp/ccq6UW7b.o
                                      0x865e5 (size before relaxing)
 .debug_str     0x000000000008ae62     0x1684 /tmp/ccoNhb1r.o
                                       0x8a8c (size before relaxing)
 .debug_str     0x000000000008c4e6       0x6e /tmp/cc1s5kJt.o
                                       0x5dc8 (size before relaxing)
 .debug_str     0x000000000008c554      0x11c /tmp/cc2c64eB.o
                                      0x4fe5d (size before relaxing)
 .debug_str     0x000000000008c670      0x3da /tmp/ccFis79K.o
                                      0x86dd4 (size before relaxing)
 .debug_str     0x000000000008ca4a      0x9be /tmp/ccqz48Hc.o
                                      0x870d2 (size before relaxing)
 .debug_str     0x000000000008d408      0x39f /tmp/cc6Tr7Ya.o
                                      0x86e46 (size before relaxing)
 .debug_str     0x000000000008d7a7      0x132 /tmp/cc9ol1Iv.o
                                      0x8682b (size before relaxing)
 .debug_str     0x000000000008d8d9      0x247 /tmp/ccAVzQUy.o
                                      0x86af5 (size before relaxing)
 .debug_str     0x000000000008db20      0x59f /tmp/ccV40oeb.o
                                      0x86f5c (size before relaxing)
 .debug_str     0x000000000008e0bf      0xdd5 /tmp/ccMz2wS3.o
                                      0x879f2 (size before relaxing)
 .debug_str     0x000000000008ee94      0x4b3 /tmp/ccYmoCzS.o
                                      0x871e3 (size before relaxing)
 .debug_str     0x000000000008f347       0x5b /tmp/ccXlMhsw.o
                                      0x8accf (size before relaxing)
 .debug_str     0x000000000008f3a2      0x3b1 /tmp/cc81lcMD.o
                                      0x8abe7 (size before relaxing)
 .debug_str     0x000000000008f753       0x23 /tmp/ccxE3nFN.o
                                       0x3ca0 (size before relaxing)
 .debug_str     0x000000000008f776       0x23 /tmp/ccpuaETt.o
                                       0x3ca0 (size before relaxing)
 .debug_str     0x000000000008f799       0x27 /tmp/cccgA7im.o
                                       0x3cb1 (size before relaxing)
 .debug_str     0x000000000008f7c0      0xb73 /tmp/ccmLvdfN.o
                                      0x8b5d2 (size before relaxing)
 .debug_str     0x0000000000090333       0x22 /tmp/ccVWmoLq.o
                                       0x2d2a (size before relaxing)
 .debug_str     0x0000000000090355      0x15a /tmp/cc78Qneu.o
                                      0x8a99f (size before relaxing)
 .debug_str     0x00000000000904af       0x26 /tmp/cc6ZThmB.o
                                         0x8a (size before relaxing)

.comment        0x0000000000000000       0x49
 .comment       0x0000000000000000       0x49 /tmp/ccb21mLY.o
                                         0x4a (size before relaxing)
 .comment       0x0000000000000049       0x4a /tmp/ccNwzi6V.o
 .comment       0x0000000000000049       0x4a /tmp/ccviK4Mi.o
 .comment       0x0000000000000049       0x4a /tmp/ccbzucIw.o
 .comment       0x0000000000000049       0x4a /tmp/ccq6UW7b.o
 .comment       0x0000000000000049       0x4a /tmp/ccoNhb1r.o
 .comment       0x0000000000000049       0x4a /tmp/cc1s5kJt.o
 .comment       0x0000000000000049       0x4a /tmp/cc2c64eB.o
 .comment       0x0000000000000049       0x4a /tmp/ccFis79K.o
 .comment       0x0000000000000049       0x4a /tmp/ccqz48Hc.o
 .comment       0x0000000000000049       0x4a /tmp/cc6Tr7Ya.o
 .comment       0x0000000000000049       0x4a /tmp/cc9ol1Iv.o
 .comment       0x0000000000000049       0x4a /tmp/ccAVzQUy.o
 .comment       0x0000000000000049       0x4a /tmp/ccV40oeb.o
 .comment       0x0000000000000049       0x4a /tmp/ccMz2wS3.o
 .comment       0x0000000000000049       0x4a /tmp/ccYmoCzS.o
 .comment       0x0000000000000049       0x4a /tmp/ccXlMhsw.o
 .comment       0x0000000000000049       0x4a /tmp/cc81lcMD.o
 .comment       0x0000000000000049       0x4a /tmp/ccxE3nFN.o
 .comment       0x0000000000000049       0x4a /tmp/ccpuaETt.o
 .comment       0x0000000000000049       0x4a /tmp/cccgA7im.o
 .comment       0x0000000000000049       0x4a /tmp/ccmLvdfN.o
 .comment       0x0000000000000049       0x4a /tmp/ccVWmoLq.o
 .comment       0x0000000000000049       0x4a /tmp/cc78Qneu.o

.debug_frame    0x0000000000000000     0x2d58
 .debug_frame   0x0000000000000000       0x34 /tmp/ccb21mLY.o
 .debug_frame   0x0000000000000034       0x58 /tmp/ccNwzi6V.o
 .debug_frame   0x000000000000008c       0x60 /tmp/ccviK4Mi.o
 .debug_frame   0x00000000000000ec       0x28 /tmp/ccbzucIw.o
 .debug_frame   0x0000000000000114       0xa0 /tmp/ccq6UW7b.o
 .debug_frame   0x00000000000001b4      0x190 /tmp/ccoNhb1r.o
 .debug_frame   0x0000000000000344       0x28 /tmp/cc1s5kJt.o
 .debug_frame   0x000000000000036c       0x30 /tmp/cc2c64eB.o
 .debug_frame   0x000000000000039c       0x78 /tmp/ccFis79K.o
 .debug_frame   0x0000000000000414      0x1f4 /tmp/ccqz48Hc.o
 .debug_frame   0x0000000000000608      0x180 /tmp/cc6Tr7Ya.o
 .debug_frame   0x0000000000000788       0xd4 /tmp/cc9ol1Iv.o
 .debug_frame   0x000000000000085c      0x13c /tmp/ccAVzQUy.o
 .debug_frame   0x0000000000000998      0x5ac /tmp/ccV40oeb.o
 .debug_frame   0x0000000000000f44      0x9fc /tmp/ccMz2wS3.o
 .debug_frame   0x0000000000001940      0x3d4 /tmp/ccYmoCzS.o
 .debug_frame   0x0000000000001d14       0x6c /tmp/ccXlMhsw.o
 .debug_frame   0x0000000000001d80       0x28 /tmp/cc81lcMD.o
 .debug_frame   0x0000000000001da8      0x394 /tmp/ccmLvdfN.o
 .debug_frame   0x000000000000213c      0x180 /tmp/cc78Qneu.o
 .debug_frame   0x00000000000022bc       0x20 /usr/local/bin/arm-gnu-toolchain/bin/../lib/gcc/arm-none-eabi/10.3.1/../../../../arm-none-eabi/lib/thumb/v7e-m+fp/hard/libc_nano.a(lib_a-errno.o)
 .debug_frame   0x00000000000022dc       0x2c /usr/local/bin/arm-gnu-toolchain/bin/../lib/gcc/arm-none-eabi/10.3.1/../../../../arm-none-eabi/lib/thumb/v7e-m+fp/hard/libc_nano.a(lib_a-init.o)
 .debug_frame   0x0000000000002308       0x30 /usr/local/bin/arm-gnu-toolchain/bin/../lib/gcc/arm-none-eabi/10.3.1/../../../../arm-none-eabi/lib/thumb/v7e-m+fp/hard/libc_nano.a(lib_a-malloc.o)
 .debug_frame   0x0000000000002338       0x28 /usr/local/bin/arm-gnu-toolchain/bin/../lib/gcc/arm-none-eabi/10.3.1/../../../../arm-none-eabi/lib/thumb/v7e-m+fp/hard/libc_nano.a(lib_a-memcpy-stub.o)
 .debug_frame   0x0000000000002360       0x20 /usr/local/bin/arm-gnu-toolchain/bin/../lib/gcc/arm-none-eabi/10.3.1/../../../../arm-none-eabi/lib/thumb/v7e-m+fp/hard/libc_nano.a(lib_a-memset.o)
 .debug_frame   0x0000000000002380       0x38 /usr/local/bin/arm-gnu-toolchain/bin/../lib/gcc/arm-none-eabi/10.3.1/../../../../arm-none-eabi/lib/thumb/v7e-m+fp/hard/libc_nano.a(lib_a-nano-freer.o)
 .debug_frame   0x00000000000023b8       0x4c /usr/local/bin/arm-gnu-toolchain/bin/../lib/gcc/arm-none-eabi/10.3.1/../../../../arm-none-eabi/lib/thumb/v7e-m+fp/hard/libc_nano.a(lib_a-nano-mallocr.o)
 .debug_frame   0x0000000000002404       0x74 /usr/local/bin/arm-gnu-toolchain/bin/../lib/gcc/arm-none-eabi/10.3.1/../../../../arm-none-eabi/lib/thumb/v7e-m+fp/hard/libc_nano.a(lib_a-printf.o)
 .debug_frame   0x0000000000002478       0x3c /usr/local/bin/arm-gnu-toolchain/bin/../lib/gcc/arm-none-eabi/10.3.1/../../../../arm-none-eabi/lib/thumb/v7e-m+fp/hard/libc_nano.a(lib_a-puts.o)
 .debug_frame   0x00000000000024b4       0x2c /usr/local/bin/arm-gnu-toolchain/bin/../lib/gcc/arm-none-eabi/10.3.1/../../../../arm-none-eabi/lib/thumb/v7e-m+fp/hard/libc_nano.a(lib_a-sbrkr.o)
 .debug_frame   0x00000000000024e0       0x6c /usr/local/bin/arm-gnu-toolchain/bin/../lib/gcc/arm-none-eabi/10.3.1/../../../../arm-none-eabi/lib/thumb/v7e-m+fp/hard/libc_nano.a(lib_a-sprintf.o)
 .debug_frame   0x000000000000254c       0x40 /usr/local/bin/arm-gnu-toolchain/bin/../lib/gcc/arm-none-eabi/10.3.1/../../../../arm-none-eabi/lib/thumb/v7e-m+fp/hard/libc_nano.a(lib_a-wbuf.o)
 .debug_frame   0x000000000000258c       0x2c /usr/local/bin/arm-gnu-toolchain/bin/../lib/gcc/arm-none-eabi/10.3.1/../../../../arm-none-eabi/lib/thumb/v7e-m+fp/hard/libc_nano.a(lib_a-wsetup.o)
 .debug_frame   0x00000000000025b8       0x5c /usr/local/bin/arm-gnu-toolchain/bin/../lib/gcc/arm-none-eabi/10.3.1/../../../../arm-none-eabi/lib/thumb/v7e-m+fp/hard/libc_nano.a(lib_a-fflush.o)
 .debug_frame   0x0000000000002614      0x14c /usr/local/bin/arm-gnu-toolchain/bin/../lib/gcc/arm-none-eabi/10.3.1/../../../../arm-none-eabi/lib/thumb/v7e-m+fp/hard/libc_nano.a(lib_a-findfp.o)
 .debug_frame   0x0000000000002760       0x54 /usr/local/bin/arm-gnu-toolchain/bin/../lib/gcc/arm-none-eabi/10.3.1/../../../../arm-none-eabi/lib/thumb/v7e-m+fp/hard/libc_nano.a(lib_a-fwalk.o)
 .debug_frame   0x00000000000027b4       0xb0 /usr/local/bin/arm-gnu-toolchain/bin/../lib/gcc/arm-none-eabi/10.3.1/../../../../arm-none-eabi/lib/thumb/v7e-m+fp/hard/libc_nano.a(lib_a-lock.o)
 .debug_frame   0x0000000000002864       0x58 /usr/local/bin/arm-gnu-toolchain/bin/../lib/gcc/arm-none-eabi/10.3.1/../../../../arm-none-eabi/lib/thumb/v7e-m+fp/hard/libc_nano.a(lib_a-makebuf.o)
 .debug_frame   0x00000000000028bc       0x30 /usr/local/bin/arm-gnu-toolchain/bin/../lib/gcc/arm-none-eabi/10.3.1/../../../../arm-none-eabi/lib/thumb/v7e-m+fp/hard/libc_nano.a(lib_a-mlock.o)
 .debug_frame   0x00000000000028ec       0x90 /usr/local/bin/arm-gnu-toolchain/bin/../lib/gcc/arm-none-eabi/10.3.1/../../../../arm-none-eabi/lib/thumb/v7e-m+fp/hard/libc_nano.a(lib_a-nano-svfprintf.o)
 .debug_frame   0x000000000000297c       0xac /usr/local/bin/arm-gnu-toolchain/bin/../lib/gcc/arm-none-eabi/10.3.1/../../../../arm-none-eabi/lib/thumb/v7e-m+fp/hard/libc_nano.a(lib_a-nano-vfprintf.o)
 .debug_frame   0x0000000000002a28       0x60 /usr/local/bin/arm-gnu-toolchain/bin/../lib/gcc/arm-none-eabi/10.3.1/../../../../arm-none-eabi/lib/thumb/v7e-m+fp/hard/libc_nano.a(lib_a-nano-vfprintf_i.o)
 .debug_frame   0x0000000000002a88       0x5c /usr/local/bin/arm-gnu-toolchain/bin/../lib/gcc/arm-none-eabi/10.3.1/../../../../arm-none-eabi/lib/thumb/v7e-m+fp/hard/libc_nano.a(lib_a-reent.o)
 .debug_frame   0x0000000000002ae4       0x88 /usr/local/bin/arm-gnu-toolchain/bin/../lib/gcc/arm-none-eabi/10.3.1/../../../../arm-none-eabi/lib/thumb/v7e-m+fp/hard/libc_nano.a(lib_a-stdio.o)
 .debug_frame   0x0000000000002b6c       0x2c /usr/local/bin/arm-gnu-toolchain/bin/../lib/gcc/arm-none-eabi/10.3.1/../../../../arm-none-eabi/lib/thumb/v7e-m+fp/hard/libc_nano.a(lib_a-writer.o)
 .debug_frame   0x0000000000002b98       0x2c /usr/local/bin/arm-gnu-toolchain/bin/../lib/gcc/arm-none-eabi/10.3.1/../../../../arm-none-eabi/lib/thumb/v7e-m+fp/hard/libc_nano.a(lib_a-closer.o)
 .debug_frame   0x0000000000002bc4       0x2c /usr/local/bin/arm-gnu-toolchain/bin/../lib/gcc/arm-none-eabi/10.3.1/../../../../arm-none-eabi/lib/thumb/v7e-m+fp/hard/libc_nano.a(lib_a-fstatr.o)
 .debug_frame   0x0000000000002bf0       0x2c /usr/local/bin/arm-gnu-toolchain/bin/../lib/gcc/arm-none-eabi/10.3.1/../../../../arm-none-eabi/lib/thumb/v7e-m+fp/hard/libc_nano.a(lib_a-isattyr.o)
 .debug_frame   0x0000000000002c1c       0x2c /usr/local/bin/arm-gnu-toolchain/bin/../lib/gcc/arm-none-eabi/10.3.1/../../../../arm-none-eabi/lib/thumb/v7e-m+fp/hard/libc_nano.a(lib_a-lseekr.o)
 .debug_frame   0x0000000000002c48       0x28 /usr/local/bin/arm-gnu-toolchain/bin/../lib/gcc/arm-none-eabi/10.3.1/../../../../arm-none-eabi/lib/thumb/v7e-m+fp/hard/libc_nano.a(lib_a-memmove.o)
 .debug_frame   0x0000000000002c70       0x3c /usr/local/bin/arm-gnu-toolchain/bin/../lib/gcc/arm-none-eabi/10.3.1/../../../../arm-none-eabi/lib/thumb/v7e-m+fp/hard/libc_nano.a(lib_a-nano-reallocr.o)
 .debug_frame   0x0000000000002cac       0x2c /usr/local/bin/arm-gnu-toolchain/bin/../lib/gcc/arm-none-eabi/10.3.1/../../../../arm-none-eabi/lib/thumb/v7e-m+fp/hard/libc_nano.a(lib_a-readr.o)
 .debug_frame   0x0000000000002cd8       0x20 /usr/local/bin/arm-gnu-toolchain/bin/../lib/gcc/arm-none-eabi/10.3.1/../../../../arm-none-eabi/lib/thumb/v7e-m+fp/hard/libc_nano.a(lib_a-nano-msizer.o)
 .debug_frame   0x0000000000002cf8       0x2c /usr/local/bin/arm-gnu-toolchain/bin/../lib/gcc/arm-none-eabi/10.3.1/thumb/v7e-m+fp/hard/libgcc.a(_aeabi_uldivmod.o)
 .debug_frame   0x0000000000002d24       0x34 /usr/local/bin/arm-gnu-toolchain/bin/../lib/gcc/arm-none-eabi/10.3.1/thumb/v7e-m+fp/hard/libgcc.a(_udivmoddi4.o)

.debug_loc      0x0000000000000000     0xaa8f
 .debug_loc     0x0000000000000000       0x64 /tmp/ccviK4Mi.o
 .debug_loc     0x0000000000000064      0x45d /tmp/ccoNhb1r.o
 .debug_loc     0x00000000000004c1       0x47 /tmp/cc1s5kJt.o
 .debug_loc     0x0000000000000508      0x118 /tmp/cc2c64eB.o
 .debug_loc     0x0000000000000620       0x32 /tmp/ccFis79K.o
 .debug_loc     0x0000000000000652      0x139 /tmp/ccqz48Hc.o
 .debug_loc     0x000000000000078b      0x5d3 /tmp/cc6Tr7Ya.o
 .debug_loc     0x0000000000000d5e      0x3cc /tmp/cc9ol1Iv.o
 .debug_loc     0x000000000000112a      0x4af /tmp/ccAVzQUy.o
 .debug_loc     0x00000000000015d9     0x18fe /tmp/ccV40oeb.o
 .debug_loc     0x0000000000002ed7     0x45cb /tmp/ccMz2wS3.o
 .debug_loc     0x00000000000074a2     0x12a8 /tmp/ccYmoCzS.o
 .debug_loc     0x000000000000874a       0x48 /tmp/ccXlMhsw.o
 .debug_loc     0x0000000000008792     0x1cff /tmp/ccmLvdfN.o
 .debug_loc     0x000000000000a491      0x5fe /tmp/cc78Qneu.o
